Microchip MPLAB XC8 Compiler V1.45 ()

Linker command line:

-W-3 --edf=C:\Program Files (x86)\Microchip\xc8\v1.45\dat\en_msgs.txt -cs \
  -h+dist/default/debug\OverDrive.X.debug.sym \
  --cmf=dist/default/debug\OverDrive.X.debug.cmf -z -Q16F18855 \
  -oC:\Users\sobra\AppData\Local\Temp\sdk4.2 \
  -Mdist/default/debug/OverDrive.X.debug.map -E1 -ver=XC8 \
  -ASTACK=020E9h-023efh -pstack=STACK -ACODE=00h-07FFhx4 \
  -ASTRCODE=00h-01FFFh -ASTRING=00h-0FFhx32 -ACONST=00h-0FFhx32 \
  -AENTRY=00h-0FFhx32 -ACOMMON=070h-07Fh -ABANK0=020h-06Fh \
  -ABANK1=0A0h-0EFh -ABANK2=0120h-016Fh -ABANK3=01A0h-01EFh \
  -ABANK4=0220h-026Fh -ABANK5=02A0h-02EFh -ABANK6=0320h-036Fh \
  -ABANK7=03A0h-03EFh -ABANK8=0420h-046Fh -ABANK9=04A0h-04EFh \
  -ABANK10=0520h-056Fh -ABANK11=05A0h-05EFh -ABANK12=0620h-064Fh \
  -ABIGRAM=02000h-023EFh \
  -ARAM=020h-06Fh,0A0h-0EFh,0120h-016Fh,01A0h-01EFh,0220h-026Fh,02A0h-02EFh,0320h-036Fh,03A0h-03EFh,0420h-046Fh,04A0h-04EFh,0520h-056Fh,05A0h-05EFh,0620h-064Fh \
  -AABS1=020h-07Fh,0A0h-0EFh,0120h-016Fh,01A0h-01EFh,0220h-026Fh,02A0h-02EFh,0320h-036Fh,03A0h-03EFh,0420h-046Fh,04A0h-04EFh,0520h-056Fh,05A0h-05EFh,0620h-064Fh \
  -ASFR0=00h-01Fh -ASFR1=080h-09Fh -ASFR2=0100h-011Fh -ASFR3=0180h-019Fh \
  -ASFR4=0200h-021Fh -ASFR5=0280h-029Fh -ASFR6=0300h-031Fh \
  -ASFR7=0380h-039Fh -ASFR8=0400h-041Fh -ASFR9=0480h-049Fh \
  -ASFR10=0500h-051Fh -ASFR11=0580h-059Fh -ASFR12=0600h-061Fh \
  -ASFR13=0680h-06EFh -ASFR14=0700h-076Fh -ASFR15=0780h-07EFh \
  -ASFR16=0800h-086Fh -ASFR17=0880h-08EFh -ASFR18=0900h-096Fh \
  -ASFR19=0980h-09EFh -ASFR20=0A00h-0A6Fh -ASFR21=0A80h-0AEFh \
  -ASFR22=0B00h-0B6Fh -ASFR23=0B80h-0BEFh -ASFR24=0C00h-0C6Fh \
  -ASFR25=0C80h-0CEFh -ASFR26=0D00h-0D6Fh -ASFR27=0D80h-0DEFh \
  -ASFR28=0E00h-0E6Fh -ASFR29=0E80h-0EEFh -ASFR30=0F00h-0F6Fh \
  -ASFR31=0F80h-0FEFh -preset_vec=00h,intentry=04h,init,end_init \
  -ppowerup=CODE -pcinit=CODE -pfunctab=ENTRY -ACONFIG=08007h-0800Bh \
  -pconfig=CONFIG -DCONFIG=2 -AIDLOC=08000h-08003h -pidloc=IDLOC -DIDLOC=2 \
  -AEEDATA=00h-0FFh/0F000h -peeprom_data=EEDATA -DEEDATA=2 -DCODE=2 \
  -DSTRCODE=2 -DSTRING=2 -DCONST=2 -DENTRY=2 -k \
  C:\Users\sobra\AppData\Local\Temp\sdk4.obj \
  dist/default/debug\OverDrive.X.debug.obj 

Object code version is 3.11

Machine type is 16F18855



                Name                               Link     Load   Length Selector   Space Scale
C:\Users\sobra\AppData\Local\Temp\sdk4.obj
                end_init                             1E       1E        2        8       0
                reset_vec                             0        0        3        0       0
                config                             8007     8007        5    1000E       0
dist/default/debug\OverDrive.X.debug.obj
                cinit                                20       20      7BC        8       0
                intentry                              4        4       1A        8       0
                text142                             7FC      7FC        3        8       0
                swtext1                             800      800       7C     1000       0
                text70                              994      994        5     1328       0
                text65                              999      999        5     1332       0
                text64                              99E      99E        5     133C       0
                text55                              9C4      9C4        C     1388       0
                text54                              9AF      9AF        A     135E       0
                text49                              9EF      9EF       15     13DE       0
                text48                              9DC      9DC       13     13B8       0
                text47                              9D0      9D0        C     13A0       0
                text46                              9B9      9B9        B     1372       0
                text44                              A04      A04       7E     1408       0
                text43                              A82      A82      13C     1504       0
                text15                              D9F      D9F      261     1B3E       0
                text8                               BBE      BBE      1E1     177C       0
                cstackBANK0                          20       20       43       20       1
                cstackCOMMON                         70       70        A       70       1
                cstackBANK1                          D7       D7       12       A0       1
                clrtext                             9A3      9A3        6     1346       0
                inittext                            9A9      9A9        6     1352       0
                dataBANK2                           149      149       20      120       1
                bssBANK2                            120      120       29      120       1
                bssBANK1                             A0       A0       37       A0       1
                dataBANK0                            6D       6D        2       20       1
                bssBANK0                             63       63        A       20       1
                stringtext69                       1135     1135        3     2000       0
                stringtext68                       1132     1132        3     2000       0
                stringtext67                       112F     112F        3     2000       0
                stringtext66                       112C     112C        3     2000       0
                stringtext65                       1129     1129        3     2000       0
                stringtext64                       1126     1126        3     2000       0
                stringtext63                       1123     1123        3     2000       0
                stringtext62                       1120     1120        3     2000       0
                stringtext61                       111D     111D        3     2000       0
                stringtext60                       111A     111A        3     2000       0
                stringtext59                       1117     1117        3     2000       0
                stringtext58                       1114     1114        3     2000       0
                stringtext57                       1111     1111        3     2000       0
                stringtext56                       110E     110E        3     2000       0
                stringtext55                       110B     110B        3     2000       0
                stringtext54                       1108     1108        3     2000       0
                stringtext53                       1105     1105        3     2000       0
                stringtext52                       1102     1102        3     2000       0
                stringtext51                       10FF     10FF        3     2000       0
                stringtext50                       10FC     10FC        3     2000       0
                stringtext49                       10F9     10F9        3     2000       0
                stringtext48                       10F6     10F6        3     2000       0
                stringtext47                       10F3     10F3        3     2000       0
                stringtext46                       10F0     10F0        3     2000       0
                stringtext45                       10ED     10ED        3     2000       0
                stringtext44                       10EA     10EA        3     2000       0
                stringtext43                       10E7     10E7        3     2000       0
                stringtext42                       10E4     10E4        3     2000       0
                stringtext41                       10E1     10E1        3     2000       0
                stringtext40                       10DE     10DE        3     2000       0
                stringtext39                       10DB     10DB        3     2000       0
                stringtext38                       10D8     10D8        3     2000       0
                stringtext37                       10D5     10D5        3     2000       0
                stringtext36                       10D2     10D2        3     2000       0
                stringtext35                       10CF     10CF        3     2000       0
                stringtext34                       10CC     10CC        3     2000       0
                stringtext33                       10C9     10C9        3     2000       0
                stringtext32                       10C6     10C6        3     2000       0
                stringtext31                       10C3     10C3        3     2000       0
                stringtext30                       10C0     10C0        3     2000       0
                stringtext29                       10BD     10BD        3     2000       0
                stringtext28                       10BA     10BA        3     2000       0
                stringtext27                       10B7     10B7        3     2000       0
                stringtext26                       10B4     10B4        3     2000       0
                stringtext25                       10B1     10B1        3     2000       0
                stringtext24                       10AE     10AE        3     2000       0
                stringtext23                       10AB     10AB        3     2000       0
                stringtext22                       10A8     10A8        3     2000       0
                stringtext21                       10A5     10A5        3     2000       0
                stringtext20                       10A2     10A2        3     2000       0
                stringtext19                       109F     109F        3     2000       0
                stringtext18                       109C     109C        3     2000       0
                stringtext17                       1099     1099        3     2000       0
                stringtext16                       1096     1096        3     2000       0
                stringtext15                       1093     1093        3     2000       0
                stringtext14                       1090     1090        3     2000       0
                stringtext13                       108D     108D        3     2000       0
                stringtext12                       108A     108A        3     2000       0
                stringtext11                       1087     1087        3     2000       0
                stringtext10                       1084     1084        3     2000       0
                stringtext9                        1081     1081        3     2000       0
                stringtext8                        1077     1077        A     2000       0
                stringtext7                        106C     106C        B     2000       0
                stringtext6                        1060     1060        C     2000       0
                stringtext5                        1054     1054        C     2000       0
                stringtext4                        103B     103B        D     2000       0
                stringtext3                        1025     1025       16     2000       0
                stringtext2                        1000     1000       25     2000       0
                nvBANK1                              E9       E9        2       A0       1
                stringtext1                        1048     1048        C     2000       0
                idataBANK2                          7DC      7DC       20        8       0

TOTAL           Name                               Link     Load   Length     Space
        CLASS   STACK          

        CLASS   CODE           
                end_init                             1E       1E        2         0
                cinit                                20       20      7BC         0
                intentry                              4        4       1A         0
                reset_vec                             0        0        3         0
                text142                             7FC      7FC        3         0
                text70                              994      994        5         0
                text65                              999      999        5         0
                text64                              99E      99E        5         0
                text55                              9C4      9C4        C         0
                text54                              9AF      9AF        A         0
                text49                              9EF      9EF       15         0
                text48                              9DC      9DC       13         0
                text47                              9D0      9D0        C         0
                text46                              9B9      9B9        B         0
                text44                              A04      A04       7E         0
                text43                              A82      A82      13C         0
                text15                              D9F      D9F      261         0
                text8                               BBE      BBE      1E1         0
                clrtext                             9A3      9A3        6         0
                inittext                            9A9      9A9        6         0
                idataBANK2                          7DC      7DC       20         0

        CLASS   STRCODE        
                stringtext69                       1135     1135        3         0
                stringtext68                       1132     1132        3         0
                stringtext67                       112F     112F        3         0
                stringtext66                       112C     112C        3         0
                stringtext65                       1129     1129        3         0
                stringtext64                       1126     1126        3         0
                stringtext63                       1123     1123        3         0
                stringtext62                       1120     1120        3         0
                stringtext61                       111D     111D        3         0
                stringtext60                       111A     111A        3         0
                stringtext59                       1117     1117        3         0
                stringtext58                       1114     1114        3         0
                stringtext57                       1111     1111        3         0
                stringtext56                       110E     110E        3         0
                stringtext55                       110B     110B        3         0
                stringtext54                       1108     1108        3         0
                stringtext53                       1105     1105        3         0
                stringtext52                       1102     1102        3         0
                stringtext51                       10FF     10FF        3         0
                stringtext50                       10FC     10FC        3         0
                stringtext49                       10F9     10F9        3         0
                stringtext48                       10F6     10F6        3         0
                stringtext47                       10F3     10F3        3         0
                stringtext46                       10F0     10F0        3         0
                stringtext45                       10ED     10ED        3         0
                stringtext44                       10EA     10EA        3         0
                stringtext43                       10E7     10E7        3         0
                stringtext42                       10E4     10E4        3         0
                stringtext41                       10E1     10E1        3         0
                stringtext40                       10DE     10DE        3         0
                stringtext39                       10DB     10DB        3         0
                stringtext38                       10D8     10D8        3         0
                stringtext37                       10D5     10D5        3         0
                stringtext36                       10D2     10D2        3         0
                stringtext35                       10CF     10CF        3         0
                stringtext34                       10CC     10CC        3         0
                stringtext33                       10C9     10C9        3         0
                stringtext32                       10C6     10C6        3         0
                stringtext31                       10C3     10C3        3         0
                stringtext30                       10C0     10C0        3         0
                stringtext29                       10BD     10BD        3         0
                stringtext28                       10BA     10BA        3         0
                stringtext27                       10B7     10B7        3         0
                stringtext26                       10B4     10B4        3         0
                stringtext25                       10B1     10B1        3         0
                stringtext24                       10AE     10AE        3         0
                stringtext23                       10AB     10AB        3         0
                stringtext22                       10A8     10A8        3         0
                stringtext21                       10A5     10A5        3         0
                stringtext20                       10A2     10A2        3         0
                stringtext19                       109F     109F        3         0
                stringtext18                       109C     109C        3         0
                stringtext17                       1099     1099        3         0
                stringtext16                       1096     1096        3         0
                stringtext15                       1093     1093        3         0
                stringtext14                       1090     1090        3         0
                stringtext13                       108D     108D        3         0
                stringtext12                       108A     108A        3         0
                stringtext11                       1087     1087        3         0
                stringtext10                       1084     1084        3         0
                stringtext9                        1081     1081        3         0
                stringtext8                        1077     1077        A         0
                stringtext7                        106C     106C        B         0
                stringtext6                        1060     1060        C         0
                stringtext5                        1054     1054        C         0
                stringtext4                        103B     103B        D         0
                stringtext3                        1025     1025       16         0
                stringtext2                        1000     1000       25         0
                stringtext1                        1048     1048        C         0

        CLASS   STRING         

        CLASS   CONST          
                swtext1                             800      800       7C         0

        CLASS   ENTRY          

        CLASS   COMMON         
                cstackCOMMON                         70       70        A         1

        CLASS   BANK0          
                cstackBANK0                          20       20       43         1
                dataBANK0                            6D       6D        2         1
                bssBANK0                             63       63        A         1

        CLASS   BANK1          
                cstackBANK1                          D7       D7       12         1
                bssBANK1                             A0       A0       37         1
                nvBANK1                              E9       E9        2         1

        CLASS   BANK2          
                dataBANK2                           149      149       20         1
                bssBANK2                            120      120       29         1

        CLASS   BANK3          

        CLASS   BANK4          

        CLASS   BANK5          

        CLASS   BANK6          

        CLASS   BANK7          

        CLASS   BANK8          

        CLASS   BANK9          

        CLASS   BANK10         

        CLASS   BANK11         

        CLASS   BANK12         

        CLASS   BIGRAM         

        CLASS   RAM            

        CLASS   ABS1           
                abs_s1                               7E       7E        2         1

        CLASS   SFR0           

        CLASS   SFR1           

        CLASS   SFR2           

        CLASS   SFR3           

        CLASS   SFR4           

        CLASS   SFR5           

        CLASS   SFR6           

        CLASS   SFR7           

        CLASS   SFR8           

        CLASS   SFR9           

        CLASS   SFR10          

        CLASS   SFR11          

        CLASS   SFR12          

        CLASS   SFR13          

        CLASS   SFR14          

        CLASS   SFR15          

        CLASS   SFR16          

        CLASS   SFR17          

        CLASS   SFR18          

        CLASS   SFR19          

        CLASS   SFR20          

        CLASS   SFR21          

        CLASS   SFR22          

        CLASS   SFR23          

        CLASS   SFR24          

        CLASS   SFR25          

        CLASS   SFR26          

        CLASS   SFR27          

        CLASS   SFR28          

        CLASS   SFR29          

        CLASS   SFR30          

        CLASS   SFR31          

        CLASS   CONFIG         
                config                             8007     8007        5         0

        CLASS   IDLOC          

        CLASS   EEDATA         

        CLASS   BANK31         

        CLASS   BANK30         

        CLASS   BANK29         

        CLASS   BANK28         

        CLASS   BANK27         

        CLASS   BANK26         

        CLASS   BANK25         

        CLASS   BANK24         

        CLASS   BANK23         

        CLASS   BANK22         

        CLASS   BANK21         

        CLASS   BANK20         

        CLASS   BANK19         

        CLASS   BANK18         

        CLASS   BANK17         

        CLASS   BANK16         

        CLASS   BANK15         

        CLASS   BANK14         

        CLASS   BANK13         



SEGMENTS        Name                           Load    Length   Top    Selector   Space  Class     Delta

                reset_vec                      000000  000003  000003         0       0  CODE        2
                intentry                       000004  0007FB  0007FF         8       0  CODE        2
                cstackBANK0                    000020  00004F  00006F        20       1  BANK0       1
                cstackCOMMON                   000070  00000A  00007A        70       1  COMMON      1
                bssBANK1                       0000A0  00004B  0000EB        A0       1  BANK1       1
                bssBANK2                       000120  000049  000169       120       1  BANK2       1
                swtext1                        000800  00007C  00087C      1000       0  CONST       2
                text70                         000994  000005  000999      1328       0  CODE        2
                text65                         000999  000005  00099E      1332       0  CODE        2
                text64                         00099E  000005  0009A3      133C       0  CODE        2
                clrtext                        0009A3  000006  0009A9      1346       0  CODE        2
                inittext                       0009A9  000006  0009AF      1352       0  CODE        2
                text54                         0009AF  00000A  0009B9      135E       0  CODE        2
                text46                         0009B9  00000B  0009C4      1372       0  CODE        2
                text55                         0009C4  00000C  0009D0      1388       0  CODE        2
                text47                         0009D0  00000C  0009DC      13A0       0  CODE        2
                text48                         0009DC  000013  0009EF      13B8       0  CODE        2
                text49                         0009EF  000015  000A04      13DE       0  CODE        2
                text44                         000A04  00007E  000A82      1408       0  CODE        2
                text43                         000A82  00013C  000BBE      1504       0  CODE        2
                text8                          000BBE  0001E1  000D9F      177C       0  CODE        2
                text15                         000D9F  000261  001000      1B3E       0  CODE        2
                stringtext2                    001000  000138  001138      2000       0  STRCODE     2
                config                         008007  000005  00800C     1000E       0  CONFIG      2


UNUSED ADDRESS RANGES

        Name                Unused          Largest block    Delta
        BANK0            0006F-0006F               1           1
        BANK1            000EB-000EF               5           1
        BANK10           00520-0056F              50           1
        BANK11           005A0-005EF              50           1
        BANK12           00620-0064F              30           1
        BANK2            00169-0016F               7           1
        BANK3            001A0-001EF              50           1
        BANK4            00220-0026F              50           1
        BANK5            002A0-002EF              50           1
        BANK6            00320-0036F              50           1
        BANK7            003A0-003EF              50           1
        BANK8            00420-0046F              50           1
        BANK9            004A0-004EF              50           1
        BIGRAM           02000-023EF             3F0           1
        CODE             00003-00003               1           2
                         007FF-007FF               1
                         0087C-00993             118
                         01138-01FFF             6C8
        COMMON           0007A-0007D               4           1
        CONST            00003-00003               1           2
                         007FF-007FF               1
                         0087C-00993              84
                         01138-01FFF             100
        EEDATA           0F000-0F0FF             100           2
        ENTRY            00003-00003               1           2
                         007FF-007FF               1
                         0087C-00993              84
                         01138-01FFF             100
        IDLOC            08000-08003               4           2
        RAM              0006F-0006F               1           1
                         000EB-000EF               5
                         00169-0016F               7
                         001A0-001EF              50
                         00220-0026F              50
                         002A0-002EF              50
                         00320-0036F              50
                         003A0-003EF              50
                         00420-0046F              50
                         004A0-004EF              50
                         00520-0056F              50
                         005A0-005EF              50
                         00620-0064F              30
        SFR0             00000-0001F              20           1
        SFR1             00080-0009F              20           1
        SFR10            00500-0051F              20           1
        SFR11            00580-0059F              20           1
        SFR12            00600-0061F              20           1
        SFR13            00680-006EF              70           1
        SFR14            00700-0076F              70           1
        SFR15            00780-007EF              70           1
        SFR16            00800-0086F              70           1
        SFR17            00880-008EF              70           1
        SFR18            00900-0096F              70           1
        SFR19            00980-009EF              70           1
        SFR2             00100-0011F              20           1
        SFR20            00A00-00A6F              70           1
        SFR21            00A80-00AEF              70           1
        SFR22            00B00-00B6F              70           1
        SFR23            00B80-00BEF              70           1
        SFR24            00C00-00C6F              70           1
        SFR25            00C80-00CEF              70           1
        SFR26            00D00-00D6F              70           1
        SFR27            00D80-00DEF              70           1
        SFR28            00E00-00E6F              70           1
        SFR29            00E80-00EEF              70           1
        SFR3             00180-0019F              20           1
        SFR30            00F00-00F6F              70           1
        SFR31            00F80-00FEF              70           1
        SFR4             00200-0021F              20           1
        SFR5             00280-0029F              20           1
        SFR6             00300-0031F              20           1
        SFR7             00380-0039F              20           1
        SFR8             00400-0041F              20           1
        SFR9             00480-0049F              20           1
        STACK            020E9-023EF             307           1
        STRCODE          00003-00003               1           2
                         007FF-007FF               1
                         0087C-00993             118
                         01138-01FFF             EC8
        STRING           00003-00003               1           2
                         007FF-007FF               1
                         0087C-00993              84
                         01138-01FFF             100

                                  Symbol Table

?___aldiv                                cstackBANK0  00020
?___almod                                cstackBANK0  00020
?___awmod                                cstackBANK0  00020
?___lmul                                 cstackBANK0  00020
?___lwdiv                                cstackBANK0  00026
?___lwmod                                cstackBANK0  00020
?___wmul                                 cstackBANK0  00020
?_dylen                                  cstackBANK0  00025
?_isleap                                 cstackBANK0  00025
?_mktime                                 cstackBANK0  0004F
?_months_to_days                         cstackBANK0  0002D
?_rtc6_GetTime                           cstackBANK0  0005E
?_years_to_days                          cstackBANK0  0002D
?_ymd_to_scalar                          cstackBANK0  0003F
Lcd_Cmd@a                                cstackBANK0  00022
Lcd_Num@d                                cstackBANK0  00029
Lcd_Port@a                               cstackBANK0  00020
Lcd_Set_Cursor@a                         cstackBANK0  00024
Lcd_Set_Cursor@b                         cstackBANK0  00023
Lcd_Set_Cursor@temp                      cstackBANK0  00027
Lcd_Set_Cursor@y                         cstackBANK0  00026
Lcd_Set_Cursor@z                         cstackBANK0  00025
Lcd_Write_Char@a                         cstackBANK0  00023
Lcd_Write_Char@temp                      cstackBANK0  00021
Lcd_Write_Char@y                         cstackBANK0  00022
Lcd_Write_String@a                       cstackBANK0  00024
Lcd_Write_String@i                       cstackBANK0  00027
PL253                                    text8        00D61
PL255                                    text8        00D79
PL257                                    text8        00D83
PL259                                    text15       00FBF
PL261                                    text15       00FCD
PL263                                    text15       00FDA
PL265                                    cinit        007BB
PL267                                    text15       00FE2
PL269                                    cinit        007C5
PL271                                    cinit        007CD
PL273                                    cinit        007D5
PL275                                    text15       00FEB
PL277                                    text8        00D94
PL279                                    text15       00FF1
PL281                                    text54       009B5
PL283                                    text15       00FF7
PL285                                    text15       00FFC
PL287                                    text8        00D9A
PWM1_LoadDutyValue@dutyValue             cstackBANK0  00020
PWM2_LoadDutyValue@dutyValue             cstackBANK0  00020
PWM6_LoadDutyValue@dutyValue             cstackBANK0  00020
_ADACT                                   (abs)        00099
_ADCAP                                   (abs)        0009B
_ADCC_Initialize                         cinit        00373
_ADCLK                                   (abs)        00098
_ADCON0                                  (abs)        00093
_ADCON1                                  (abs)        00094
_ADCON2                                  (abs)        00095
_ADCON3                                  (abs)        00096
_ADLTHH                                  (abs)        0010F
_ADLTHL                                  (abs)        0010E
_ADPCH                                   (abs)        0009E
_ADREF                                   (abs)        0009A
_ADRPT                                   (abs)        0010D
_ADSTAT                                  (abs)        00097
_ADSTPTH                                 (abs)        00113
_ADSTPTL                                 (abs)        00112
_ADUTHH                                  (abs)        00111
_ADUTHL                                  (abs)        00110
_ANSELA                                  (abs)        00F38
_ANSELB                                  (abs)        00F43
_ANSELC                                  (abs)        00F4E
_CCP1CON                                 (abs)        0030E
_CCP1CONbits                             (abs)        0030E
_CCP2CON                                 (abs)        00312
_CCP2CONbits                             (abs)        00312
_CCPR1H                                  (abs)        0030D
_CCPR1L                                  (abs)        0030C
_CCPR2H                                  (abs)        00311
_CCPR2L                                  (abs)        00310
_CCPTMRS0bits                            (abs)        0021E
_CCPTMRS1bits                            (abs)        0021F
_INTCONbits                              (abs)        0000B
_INTERRUPT_InterruptManager              intentry     00004
_LATA                                    (abs)        00016
_LATB                                    (abs)        00017
_LATBbits                                (abs)        00017
_LATC                                    (abs)        00018
_LATCbits                                (abs)        00018
_Lcd_Clear                               cinit        0035B
_Lcd_Cmd                                 cinit        002EC
_Lcd_Init                                cinit        002B2
_Lcd_Num                                 cinit        00147
_Lcd_Port                                cinit        00325
_Lcd_Set_Cursor                          cinit        00130
_Lcd_Write_Char                          cinit        0033C
_Lcd_Write_String                        cinit        00292
_ODCONA                                  (abs)        00F3A
_ODCONB                                  (abs)        00F45
_ODCONC                                  (abs)        00F50
_OSCCON1                                 (abs)        0088D
_OSCCON3                                 (abs)        0088F
_OSCEN                                   (abs)        00891
_OSCFRQ                                  (abs)        00893
_OSCILLATOR_Initialize                   cinit        00389
_OSCTUNE                                 (abs)        00892
_PIE3bits                                (abs)        00719
_PIN_MANAGER_Initialize                  cinit        00393
_PIR3bits                                (abs)        0070F
_PIR4bits                                (abs)        00710
_PMD0                                    (abs)        00796
_PMD1                                    (abs)        00797
_PMD2                                    (abs)        00798
_PMD3                                    (abs)        00799
_PMD4                                    (abs)        0079A
_PMD5                                    (abs)        0079B
_PMD_Initialize                          cinit        003C0
_PORTAbits                               (abs)        0000C
_PWM1_Initialize                         cinit        003C8
_PWM1_LoadDutyValue                      cinit        002A2
_PWM2_Initialize                         cinit        003D1
_PWM2_LoadDutyValue                      cinit        002FF
_PWM6CON                                 (abs)        0038E
_PWM6DCH                                 (abs)        0038D
_PWM6DCL                                 (abs)        0038C
_PWM6_Initialize                         cinit        003DA
_PWM6_LoadDutyValue                      cinit        0030F
_RA0PPS                                  (abs)        00F10
_RB2PPS                                  (abs)        00F1A
_RB3PPS                                  (abs)        00F1B
_RB4PPS                                  (abs)        00F1C
_RB5PPS                                  (abs)        00F1D
_SSP1ADD                                 (abs)        0018D
_SSP1BUF                                 (abs)        0018C
_SSP1CLKPPSbits                          (abs)        00EC5
_SSP1CON1                                (abs)        00190
_SSP1CON1bits                            (abs)        00190
_SSP1CON2                                (abs)        00191
_SSP1CON2bits                            (abs)        00191
_SSP1DATPPSbits                          (abs)        00EC6
_SSP1STAT                                (abs)        0018F
_SYSTEM_Initialize                       cinit        00360
_T1CLK                                   (abs)        00211
_T1CON                                   (abs)        0020E
_T1GATE                                  (abs)        00210
_T1GCON                                  (abs)        0020F
_T6CLKCON                                (abs)        0029C
_T6CON                                   (abs)        0029A
_T6HLT                                   (abs)        0029B
_T6PR                                    (abs)        00299
_T6RST                                   (abs)        0029D
_T6TMR                                   (abs)        00298
_TMR1H                                   (abs)        0020D
_TMR1IF                                  (abs)        03880
_TMR1L                                   (abs)        0020C
_TMR1_Initialize                         cinit        005FA
_TMR6_Initialize                         cinit        00611
_TRISA                                   (abs)        00011
_TRISB                                   (abs)        00012
_TRISC                                   (abs)        00013
_WPUA                                    (abs)        00F39
_WPUB                                    (abs)        00F44
_WPUC                                    (abs)        00F4F
_WPUE                                    (abs)        00F65
__CFG_BOREN$ON                           (abs)        00000
__CFG_BORV$LO                            (abs)        00000
__CFG_CLKOUTEN$OFF                       (abs)        00000
__CFG_CP$OFF                             (abs)        00000
__CFG_CPD$OFF                            (abs)        00000
__CFG_CSWEN$ON                           (abs)        00000
__CFG_DEBUG$OFF                          (abs)        00000
__CFG_FCMEN$ON                           (abs)        00000
__CFG_FEXTOSC$OFF                        (abs)        00000
__CFG_LPBOREN$OFF                        (abs)        00000
__CFG_LVP$ON                             (abs)        00000
__CFG_MCLRE$ON                           (abs)        00000
__CFG_PPS1WAY$ON                         (abs)        00000
__CFG_PWRTE$OFF                          (abs)        00000
__CFG_RSTOSC$HFINT1                      (abs)        00000
__CFG_SCANE$available                    (abs)        00000
__CFG_STVREN$ON                          (abs)        00000
__CFG_WDTCCS$SC                          (abs)        00000
__CFG_WDTCPS$WDTCPS_31                   (abs)        00000
__CFG_WDTCWS$WDTCWS_7                    (abs)        00000
__CFG_WDTE$OFF                           (abs)        00000
__CFG_WRT$OFF                            (abs)        00000
__CFG_ZCD$OFF                            (abs)        00000
__Habs1                                  abs1         00000
__Hbank0                                 bank0        00000
__Hbank1                                 bank1        00000
__Hbank10                                bank10       00000
__Hbank11                                bank11       00000
__Hbank12                                bank12       00000
__Hbank13                                bank13       00000
__Hbank14                                bank14       00000
__Hbank15                                bank15       00000
__Hbank16                                bank16       00000
__Hbank17                                bank17       00000
__Hbank18                                bank18       00000
__Hbank19                                bank19       00000
__Hbank2                                 bank2        00000
__Hbank20                                bank20       00000
__Hbank21                                bank21       00000
__Hbank22                                bank22       00000
__Hbank23                                bank23       00000
__Hbank24                                bank24       00000
__Hbank25                                bank25       00000
__Hbank26                                bank26       00000
__Hbank27                                bank27       00000
__Hbank28                                bank28       00000
__Hbank29                                bank29       00000
__Hbank3                                 bank3        00000
__Hbank30                                bank30       00000
__Hbank31                                bank31       00000
__Hbank4                                 bank4        00000
__Hbank5                                 bank5        00000
__Hbank6                                 bank6        00000
__Hbank7                                 bank7        00000
__Hbank8                                 bank8        00000
__Hbank9                                 bank9        00000
__Hbigram                                bigram       00000
__HbssBANK0                              bssBANK0     00000
__HbssBANK1                              bssBANK1     00000
__HbssBANK2                              bssBANK2     00000
__Hcinit                                 cinit        007DC
__Hclrtext                               clrtext      00000
__Hcode                                  code         00000
__Hcommon                                common       00000
__Hconfig                                config       0800C
__HcstackBANK0                           cstackBANK0  00000
__HcstackBANK1                           cstackBANK1  00000
__HcstackCOMMON                          cstackCOMMON 00000
__HdataBANK0                             dataBANK0    00000
__HdataBANK2                             dataBANK2    00000
__Heeprom_data                           eeprom_data  00000
__Hend_init                              end_init     00020
__Hfunctab                               functab      00000
__HidataBANK0                            idataBANK0   00000
__HidataBANK2                            idataBANK2   00000
__Hidloc                                 idloc        00000
__Hinit                                  init         0001E
__Hinittext                              inittext     00000
__Hintentry                              intentry     0001E
__Hmaintext                              maintext     00000
__HnvBANK1                               nvBANK1      00000
__Hpa_nodes0                             pa_nodes0    00000
__Hpowerup                               powerup      00000
__Hram                                   ram          00000
__Hreset_vec                             reset_vec    00003
__Hsfr0                                  sfr0         00000
__Hsfr1                                  sfr1         00000
__Hsfr10                                 sfr10        00000
__Hsfr11                                 sfr11        00000
__Hsfr12                                 sfr12        00000
__Hsfr13                                 sfr13        00000
__Hsfr14                                 sfr14        00000
__Hsfr15                                 sfr15        00000
__Hsfr16                                 sfr16        00000
__Hsfr17                                 sfr17        00000
__Hsfr18                                 sfr18        00000
__Hsfr19                                 sfr19        00000
__Hsfr2                                  sfr2         00000
__Hsfr20                                 sfr20        00000
__Hsfr21                                 sfr21        00000
__Hsfr22                                 sfr22        00000
__Hsfr23                                 sfr23        00000
__Hsfr24                                 sfr24        00000
__Hsfr25                                 sfr25        00000
__Hsfr26                                 sfr26        00000
__Hsfr27                                 sfr27        00000
__Hsfr28                                 sfr28        00000
__Hsfr29                                 sfr29        00000
__Hsfr3                                  sfr3         00000
__Hsfr30                                 sfr30        00000
__Hsfr31                                 sfr31        00000
__Hsfr4                                  sfr4         00000
__Hsfr5                                  sfr5         00000
__Hsfr6                                  sfr6         00000
__Hsfr7                                  sfr7         00000
__Hsfr8                                  sfr8         00000
__Hsfr9                                  sfr9         00000
__Hspace_0                               (abs)        0800C
__Hspace_1                               (abs)        00169
__Hspace_2                               (abs)        00000
__Hspace_3                               (abs)        00000
__Hstack                                 stack        00000
__Hstrings                               strings      00000
__Hstringtext1                           stringtext1  00000
__Hstringtext10                          stringtext10 00000
__Hstringtext11                          stringtext11 00000
__Hstringtext12                          stringtext12 00000
__Hstringtext13                          stringtext13 00000
__Hstringtext14                          stringtext14 00000
__Hstringtext15                          stringtext15 00000
__Hstringtext16                          stringtext16 00000
__Hstringtext17                          stringtext17 00000
__Hstringtext18                          stringtext18 00000
__Hstringtext19                          stringtext19 00000
__Hstringtext2                           stringtext2  00000
__Hstringtext20                          stringtext20 00000
__Hstringtext21                          stringtext21 00000
__Hstringtext22                          stringtext22 00000
__Hstringtext23                          stringtext23 00000
__Hstringtext24                          stringtext24 00000
__Hstringtext25                          stringtext25 00000
__Hstringtext26                          stringtext26 00000
__Hstringtext27                          stringtext27 00000
__Hstringtext28                          stringtext28 00000
__Hstringtext29                          stringtext29 00000
__Hstringtext3                           stringtext3  00000
__Hstringtext30                          stringtext30 00000
__Hstringtext31                          stringtext31 00000
__Hstringtext32                          stringtext32 00000
__Hstringtext33                          stringtext33 00000
__Hstringtext34                          stringtext34 00000
__Hstringtext35                          stringtext35 00000
__Hstringtext36                          stringtext36 00000
__Hstringtext37                          stringtext37 00000
__Hstringtext38                          stringtext38 00000
__Hstringtext39                          stringtext39 00000
__Hstringtext4                           stringtext4  00000
__Hstringtext40                          stringtext40 00000
__Hstringtext41                          stringtext41 00000
__Hstringtext42                          stringtext42 00000
__Hstringtext43                          stringtext43 00000
__Hstringtext44                          stringtext44 00000
__Hstringtext45                          stringtext45 00000
__Hstringtext46                          stringtext46 00000
__Hstringtext47                          stringtext47 00000
__Hstringtext48                          stringtext48 00000
__Hstringtext49                          stringtext49 00000
__Hstringtext5                           stringtext5  00000
__Hstringtext50                          stringtext50 00000
__Hstringtext51                          stringtext51 00000
__Hstringtext52                          stringtext52 00000
__Hstringtext53                          stringtext53 00000
__Hstringtext54                          stringtext54 00000
__Hstringtext55                          stringtext55 00000
__Hstringtext56                          stringtext56 00000
__Hstringtext57                          stringtext57 00000
__Hstringtext58                          stringtext58 00000
__Hstringtext59                          stringtext59 00000
__Hstringtext6                           stringtext6  00000
__Hstringtext60                          stringtext60 00000
__Hstringtext61                          stringtext61 00000
__Hstringtext62                          stringtext62 00000
__Hstringtext63                          stringtext63 00000
__Hstringtext64                          stringtext64 00000
__Hstringtext65                          stringtext65 00000
__Hstringtext66                          stringtext66 00000
__Hstringtext67                          stringtext67 00000
__Hstringtext68                          stringtext68 00000
__Hstringtext69                          stringtext69 00000
__Hstringtext7                           stringtext7  00000
__Hstringtext70                          stringtext70 00000
__Hstringtext8                           stringtext8  00000
__Hstringtext9                           stringtext9  00000
__Htext                                  text         00000
__Labs1                                  abs1         00000
__Lbank0                                 bank0        00000
__Lbank1                                 bank1        00000
__Lbank10                                bank10       00000
__Lbank11                                bank11       00000
__Lbank12                                bank12       00000
__Lbank13                                bank13       00000
__Lbank14                                bank14       00000
__Lbank15                                bank15       00000
__Lbank16                                bank16       00000
__Lbank17                                bank17       00000
__Lbank18                                bank18       00000
__Lbank19                                bank19       00000
__Lbank2                                 bank2        00000
__Lbank20                                bank20       00000
__Lbank21                                bank21       00000
__Lbank22                                bank22       00000
__Lbank23                                bank23       00000
__Lbank24                                bank24       00000
__Lbank25                                bank25       00000
__Lbank26                                bank26       00000
__Lbank27                                bank27       00000
__Lbank28                                bank28       00000
__Lbank29                                bank29       00000
__Lbank3                                 bank3        00000
__Lbank30                                bank30       00000
__Lbank31                                bank31       00000
__Lbank4                                 bank4        00000
__Lbank5                                 bank5        00000
__Lbank6                                 bank6        00000
__Lbank7                                 bank7        00000
__Lbank8                                 bank8        00000
__Lbank9                                 bank9        00000
__Lbigram                                bigram       00000
__LbssBANK0                              bssBANK0     00000
__LbssBANK1                              bssBANK1     00000
__LbssBANK2                              bssBANK2     00000
__Lcinit                                 cinit        00020
__Lclrtext                               clrtext      00000
__Lcode                                  code         00000
__Lcommon                                common       00000
__Lconfig                                config       08007
__LcstackBANK0                           cstackBANK0  00000
__LcstackBANK1                           cstackBANK1  00000
__LcstackCOMMON                          cstackCOMMON 00000
__LdataBANK0                             dataBANK0    00000
__LdataBANK2                             dataBANK2    00000
__Leeprom_data                           eeprom_data  00000
__Lend_init                              end_init     0001E
__Lfunctab                               functab      00000
__LidataBANK0                            idataBANK0   00000
__LidataBANK2                            idataBANK2   00000
__Lidloc                                 idloc        00000
__Linit                                  init         0001E
__Linittext                              inittext     00000
__Lintentry                              intentry     00004
__Lmaintext                              maintext     00000
__LnvBANK1                               nvBANK1      00000
__Lpa_nodes0                             pa_nodes0    00000
__Lpowerup                               powerup      00000
__Lram                                   ram          00000
__Lreset_vec                             reset_vec    00000
__Lsfr0                                  sfr0         00000
__Lsfr1                                  sfr1         00000
__Lsfr10                                 sfr10        00000
__Lsfr11                                 sfr11        00000
__Lsfr12                                 sfr12        00000
__Lsfr13                                 sfr13        00000
__Lsfr14                                 sfr14        00000
__Lsfr15                                 sfr15        00000
__Lsfr16                                 sfr16        00000
__Lsfr17                                 sfr17        00000
__Lsfr18                                 sfr18        00000
__Lsfr19                                 sfr19        00000
__Lsfr2                                  sfr2         00000
__Lsfr20                                 sfr20        00000
__Lsfr21                                 sfr21        00000
__Lsfr22                                 sfr22        00000
__Lsfr23                                 sfr23        00000
__Lsfr24                                 sfr24        00000
__Lsfr25                                 sfr25        00000
__Lsfr26                                 sfr26        00000
__Lsfr27                                 sfr27        00000
__Lsfr28                                 sfr28        00000
__Lsfr29                                 sfr29        00000
__Lsfr3                                  sfr3         00000
__Lsfr30                                 sfr30        00000
__Lsfr31                                 sfr31        00000
__Lsfr4                                  sfr4         00000
__Lsfr5                                  sfr5         00000
__Lsfr6                                  sfr6         00000
__Lsfr7                                  sfr7         00000
__Lsfr8                                  sfr8         00000
__Lsfr9                                  sfr9         00000
__Lspace_0                               (abs)        00000
__Lspace_1                               (abs)        00000
__Lspace_2                               (abs)        00000
__Lspace_3                               (abs)        00000
__Lstack                                 stack        00000
__Lstrings                               strings      00000
__Lstringtext1                           stringtext1  00000
__Lstringtext10                          stringtext10 00000
__Lstringtext11                          stringtext11 00000
__Lstringtext12                          stringtext12 00000
__Lstringtext13                          stringtext13 00000
__Lstringtext14                          stringtext14 00000
__Lstringtext15                          stringtext15 00000
__Lstringtext16                          stringtext16 00000
__Lstringtext17                          stringtext17 00000
__Lstringtext18                          stringtext18 00000
__Lstringtext19                          stringtext19 00000
__Lstringtext2                           stringtext2  00000
__Lstringtext20                          stringtext20 00000
__Lstringtext21                          stringtext21 00000
__Lstringtext22                          stringtext22 00000
__Lstringtext23                          stringtext23 00000
__Lstringtext24                          stringtext24 00000
__Lstringtext25                          stringtext25 00000
__Lstringtext26                          stringtext26 00000
__Lstringtext27                          stringtext27 00000
__Lstringtext28                          stringtext28 00000
__Lstringtext29                          stringtext29 00000
__Lstringtext3                           stringtext3  00000
__Lstringtext30                          stringtext30 00000
__Lstringtext31                          stringtext31 00000
__Lstringtext32                          stringtext32 00000
__Lstringtext33                          stringtext33 00000
__Lstringtext34                          stringtext34 00000
__Lstringtext35                          stringtext35 00000
__Lstringtext36                          stringtext36 00000
__Lstringtext37                          stringtext37 00000
__Lstringtext38                          stringtext38 00000
__Lstringtext39                          stringtext39 00000
__Lstringtext4                           stringtext4  00000
__Lstringtext40                          stringtext40 00000
__Lstringtext41                          stringtext41 00000
__Lstringtext42                          stringtext42 00000
__Lstringtext43                          stringtext43 00000
__Lstringtext44                          stringtext44 00000
__Lstringtext45                          stringtext45 00000
__Lstringtext46                          stringtext46 00000
__Lstringtext47                          stringtext47 00000
__Lstringtext48                          stringtext48 00000
__Lstringtext49                          stringtext49 00000
__Lstringtext5                           stringtext5  00000
__Lstringtext50                          stringtext50 00000
__Lstringtext51                          stringtext51 00000
__Lstringtext52                          stringtext52 00000
__Lstringtext53                          stringtext53 00000
__Lstringtext54                          stringtext54 00000
__Lstringtext55                          stringtext55 00000
__Lstringtext56                          stringtext56 00000
__Lstringtext57                          stringtext57 00000
__Lstringtext58                          stringtext58 00000
__Lstringtext59                          stringtext59 00000
__Lstringtext6                           stringtext6  00000
__Lstringtext60                          stringtext60 00000
__Lstringtext61                          stringtext61 00000
__Lstringtext62                          stringtext62 00000
__Lstringtext63                          stringtext63 00000
__Lstringtext64                          stringtext64 00000
__Lstringtext65                          stringtext65 00000
__Lstringtext66                          stringtext66 00000
__Lstringtext67                          stringtext67 00000
__Lstringtext68                          stringtext68 00000
__Lstringtext69                          stringtext69 00000
__Lstringtext7                           stringtext7  00000
__Lstringtext70                          stringtext70 00000
__Lstringtext8                           stringtext8  00000
__Lstringtext9                           stringtext9  00000
__Ltext                                  text         00000
__S0                                     (abs)        0800C
__S1                                     (abs)        00169
__S2                                     (abs)        00000
__S3                                     (abs)        00000
___aldiv                                 text15       00E7B
___aldiv@counter                         cstackBANK0  00028
___aldiv@dividend                        cstackBANK0  00024
___aldiv@divisor                         cstackBANK0  00020
___aldiv@quotient                        cstackBANK0  0002A
___aldiv@sign                            cstackBANK0  00029
___almod                                 text15       00EE7
___almod@counter                         cstackBANK0  00028
___almod@dividend                        cstackBANK0  00024
___almod@divisor                         cstackBANK0  00020
___almod@sign                            cstackBANK0  00029
___awmod                                 text15       00F86
___awmod@counter                         cstackBANK0  00024
___awmod@dividend                        cstackBANK0  00022
___awmod@divisor                         cstackBANK0  00020
___awmod@sign                            cstackBANK0  00025
___bmul                                  cinit        007AF
___bmul@multiplicand                     cstackBANK0  00020
___bmul@multiplier                       cstackBANK0  00022
___bmul@product                          cstackBANK0  00021
___int_sp                                stack        00000
___latbits                               (abs)        00002
___lbdiv                                 cinit        005CA
___lbdiv@counter                         cstackBANK0  00022
___lbdiv@dividend                        cstackBANK0  00021
___lbdiv@divisor                         cstackBANK0  00020
___lbdiv@quotient                        cstackBANK0  00023
___lbmod                                 cinit        005E2
___lbmod@counter                         cstackBANK0  00023
___lbmod@dividend                        cstackBANK0  00022
___lbmod@divisor                         cstackBANK0  00020
___lbmod@rem                             cstackBANK0  00024
___lmul                                  text8        00C41
___lmul@multiplicand                     cstackBANK0  00024
___lmul@multiplier                       cstackBANK0  00020
___lmul@product                          cstackBANK0  00028
___lwdiv                                 text8        00D3C
___lwdiv@counter                         cstackBANK0  0002C
___lwdiv@dividend                        cstackBANK0  00028
___lwdiv@divisor                         cstackBANK0  00026
___lwdiv@quotient                        cstackBANK0  0002A
___lwmod                                 text15       00F66
___lwmod@counter                         cstackBANK0  00024
___lwmod@dividend                        cstackBANK0  00022
___lwmod@divisor                         cstackBANK0  00020
___sp                                    stack        00000
___wmul                                  text8        00CD0
___wmul@multiplicand                     cstackBANK0  00022
___wmul@multiplier                       cstackBANK0  00020
___wmul@product                          cstackBANK0  00024
__end_ofPL253                            text8        00D79
__end_ofPL255                            text8        00D83
__end_ofPL257                            text8        00D94
__end_ofPL259                            text15       00FCD
__end_ofPL261                            text15       00FDA
__end_ofPL263                            text15       00FE2
__end_ofPL265                            cinit        007C5
__end_ofPL267                            text15       00FEB
__end_ofPL269                            cinit        007CD
__end_ofPL271                            cinit        007D5
__end_ofPL273                            cinit        007DC
__end_ofPL275                            text15       00FF1
__end_ofPL277                            text8        00D9A
__end_ofPL279                            text15       00FF7
__end_ofPL281                            text54       009B9
__end_ofPL283                            text15       00FFC
__end_ofPL285                            text15       01000
__end_ofPL287                            text8        00D9F
__end_of_ADCC_Initialize                 cinit        00389
__end_of_INTERRUPT_InterruptManager      intentry     0001E
__end_of_Lcd_Clear                       cinit        00360
__end_of_Lcd_Cmd                         cinit        002FF
__end_of_Lcd_Init                        cinit        002EC
__end_of_Lcd_Num                         cinit        00292
__end_of_Lcd_Port                        cinit        0033C
__end_of_Lcd_Set_Cursor                  cinit        00147
__end_of_Lcd_Write_Char                  cinit        0035B
__end_of_Lcd_Write_String                cinit        002A2
__end_of_OSCILLATOR_Initialize           cinit        00393
__end_of_PIN_MANAGER_Initialize          cinit        003C0
__end_of_PMD_Initialize                  cinit        003C8
__end_of_PWM1_Initialize                 cinit        003D1
__end_of_PWM1_LoadDutyValue              cinit        002B2
__end_of_PWM2_Initialize                 cinit        003DA
__end_of_PWM2_LoadDutyValue              cinit        0030F
__end_of_PWM6_Initialize                 cinit        003E5
__end_of_PWM6_LoadDutyValue              cinit        00325
__end_of_SYSTEM_Initialize               cinit        00373
__end_of_TMR1_Initialize                 cinit        00611
__end_of_TMR6_Initialize                 cinit        0061F
__end_of___aldiv                         text15       00EE7
__end_of___almod                         text15       00F41
__end_of___awmod                         text15       00FBF
__end_of___bmul                          cinit        007BB
__end_of___lbdiv                         cinit        005E2
__end_of___lbmod                         cinit        005FA
__end_of___lmul                          text8        00C66
__end_of___lwdiv                         text8        00D61
__end_of___lwmod                         text15       00F86
__end_of___wmul                          text8        00CE5
__end_of__initialization                 cinit        00048
__end_of_do_I2C_DO_ACK                   text46       009C0
__end_of_do_I2C_DO_ADDRESS_NACK          text43       00A9E
__end_of_do_I2C_DO_NACK_RESTART          text44       00A09
__end_of_do_I2C_DO_NACK_STOP             text44       00A7E
__end_of_do_I2C_IDLE                     text54       009B3
__end_of_do_I2C_RCEN                     text47       009D7
__end_of_do_I2C_RESET                    text55       009CB
__end_of_do_I2C_RX                       text44       00A3D
__end_of_do_I2C_SEND_ADR_READ            text49       009FB
__end_of_do_I2C_SEND_ADR_WRITE           text48       009E7
__end_of_do_I2C_SEND_RESTART             text43       00BBE
__end_of_do_I2C_SEND_RESTART_READ        text43       00BAB
__end_of_do_I2C_SEND_RESTART_WRITE       text43       00B05
__end_of_do_I2C_SEND_STOP                text43       00BB3
__end_of_do_I2C_TX                       text43       00B53
__end_of_do_I2C_TX_EMPTY                 text43       00ADD
__end_of_dylen                           text15       00F66
__end_of_gmtime                          text15       00E7B
__end_of_i2c1_driver_TXData              text59       00000
__end_of_i2c1_driver_clearBusCollision   text143      00000
__end_of_i2c1_driver_getRXData           text60       00000
__end_of_i2c1_driver_isNACK              cinit        00782
__end_of_i2c1_driver_open                cinit        007AF
__end_of_i2c1_driver_resetBus            text62       00000
__end_of_i2c1_driver_restart             text43       00BAE
__end_of_i2c1_driver_sendACK             text77       00000
__end_of_i2c1_driver_sendNACK            text44       00A82
__end_of_i2c1_driver_setBusCollisionISR  text33       00000
__end_of_i2c1_driver_setI2cISR           text32       00000
__end_of_i2c1_driver_start               text78       00000
__end_of_i2c1_driver_startRX             text63       00000
__end_of_i2c1_driver_stop                text43       00BB6
__end_of_i2c_ISR                         cinit        00772
__end_of_i2c_busCollisionISR             text142      007FF
__end_of_i2c_close                       cinit        00541
__end_of_i2c_masterOperation             cinit        00755
__end_of_i2c_masterWrite                 cinit        0055D
__end_of_i2c_open                        cinit        005A2
__end_of_i2c_poller                      text38       00000
__end_of_i2c_read1ByteRegister           cinit        00473
__end_of_i2c_restartWrite                text70       00998
__end_of_i2c_setAddressNACKCallback      cinit        005AA
__end_of_i2c_setBuffer                   cinit        00553
__end_of_i2c_setDataCompleteCallback     cinit        0055B
__end_of_i2c_write1ByteRegister          cinit        0052F
__end_of_isleap                          text15       00DBF
__end_of_localtime                       cinit        0062E
__end_of_main                            cinit        00130
__end_of_memset                          cinit        006A8
__end_of_mktime                          text8        00C41
__end_of_moninit                         stringtext1  01054
__end_of_months_to_days                  text8        00CD0
__end_of_mssp1_IRQisEnabled              text37       00000
__end_of_mssp1_clearIRQ                  cinit        00775
__end_of_mssp1_disableIRQ                text80       00000
__end_of_mssp1_setIRQ                    text57       00000
__end_of_mssp1_waitForEvent              text39       00000
__end_of_rd1RegCompleteHandler           cinit        00405
__end_of_rd2RegCompleteHandler           cinit        003F5
__end_of_rdBlkRegCompleteHandler         cinit        0043C
__end_of_returnReset                     text64       009A2
__end_of_returnStop                      text65       0099D
__end_of_rtc6_GetComponent               cinit        00696
__end_of_rtc6_GetTime                    cinit        0067F
__end_of_rtc6_Initialize                 cinit        004F5
__end_of_rtc6_SetComponent               cinit        004C0
__end_of_rtc6_SetTime1                   cinit        004A7
__end_of_rtcc_read                       cinit        0050A
__end_of_rtcc_write                      cinit        00505
__end_of_setCallBack                     cinit        005CA
__end_of_wr1RegCompleteHandler           cinit        00415
__end_of_wr2RegCompleteHandler           cinit        00425
__end_of_years_to_days                   text8        00D3C
__end_of_ymd_to_scalar                   text8        00CB7
__end_ofi1_do_I2C_DO_ACK                 text46       009C4
__end_ofi1_do_I2C_DO_ADDRESS_NACK        text43       00ABA
__end_ofi1_do_I2C_DO_NACK_RESTART        text44       00A79
__end_ofi1_do_I2C_DO_NACK_STOP           text44       00A75
__end_ofi1_do_I2C_IDLE                   text54       009B5
__end_ofi1_do_I2C_RCEN                   text47       009DC
__end_ofi1_do_I2C_RESET                  text55       009D0
__end_ofi1_do_I2C_RX                     text44       00A71
__end_ofi1_do_I2C_SEND_ADR_READ          text49       00A04
__end_ofi1_do_I2C_SEND_ADR_WRITE         text48       009EF
__end_ofi1_do_I2C_SEND_RESTART           text43       00BB9
__end_ofi1_do_I2C_SEND_RESTART_READ      text43       00BA0
__end_ofi1_do_I2C_SEND_RESTART_WRITE     text43       00BA3
__end_ofi1_do_I2C_SEND_STOP              text43       00BA6
__end_ofi1_do_I2C_TX                     text43       00B9D
__end_ofi1_do_I2C_TX_EMPTY               text43       00B00
__end_ofi1_i2c1_driver_TXData            text123      00000
__end_ofi1_i2c1_driver_getRXData         text124      00000
__end_ofi1_i2c1_driver_isNACK            text122      00000
__end_ofi1_i2c1_driver_resetBus          text126      00000
__end_ofi1_i2c1_driver_restart           text140      00000
__end_ofi1_i2c1_driver_sendACK           text141      00000
__end_ofi1_i2c1_driver_sendNACK          text125      00000
__end_ofi1_i2c1_driver_startRX           text127      00000
__end_ofi1_i2c1_driver_stop              text139      00000
__end_ofi1_i2c_ISR                       cinit        007A5
__end_ofi1_i2c_restartWrite              text70       00999
__end_ofi1_i2c_setBuffer                 cinit        006BF
__end_ofi1_i2c_setDataCompleteCallback   cinit        006C8
__end_ofi1_mssp1_clearIRQ                text104      00000
__end_ofi1_mssp1_setIRQ                  text121      00000
__end_ofi1_rd1RegCompleteHandler         cinit        006FE
__end_ofi1_rd2RegCompleteHandler         cinit        00709
__end_ofi1_rdBlkRegCompleteHandler       cinit        0071B
__end_ofi1_returnReset                   text64       009A3
__end_ofi1_returnStop                    text65       0099E
__end_ofi1_setCallBack                   cinit        006E8
__end_ofi1_wr1RegCompleteHandler         cinit        006F3
__end_ofi1_wr2RegCompleteHandler         cinit        006B3
__initialization                         cinit        00020
__pbssBANK0                              bssBANK0     00063
__pbssBANK1                              bssBANK1     000A0
__pbssBANK2                              bssBANK2     00120
__pcstackBANK0                           cstackBANK0  00020
__pcstackBANK1                           cstackBANK1  000D7
__pcstackCOMMON                          cstackCOMMON 00070
__pdataBANK0                             dataBANK0    0006D
__pdataBANK2                             dataBANK2    00149
__pidataBANK0                            idataBANK0   00000
__pidataBANK2                            idataBANK2   007DC
__pintentry                              intentry     00004
__pmaintext                              cinit        0004B
__pnvBANK1                               nvBANK1      000E9
__pstringtext1                           stringtext1  01048
__pstringtext10                          stringtext10 01084
__pstringtext11                          stringtext11 01087
__pstringtext12                          stringtext12 0108A
__pstringtext13                          stringtext13 0108D
__pstringtext14                          stringtext14 01090
__pstringtext15                          stringtext15 01093
__pstringtext16                          stringtext16 01096
__pstringtext17                          stringtext17 01099
__pstringtext18                          stringtext18 0109C
__pstringtext19                          stringtext19 0109F
__pstringtext2                           stringtext2  01000
__pstringtext20                          stringtext20 010A2
__pstringtext21                          stringtext21 010A5
__pstringtext22                          stringtext22 010A8
__pstringtext23                          stringtext23 010AB
__pstringtext24                          stringtext24 010AE
__pstringtext25                          stringtext25 010B1
__pstringtext26                          stringtext26 010B4
__pstringtext27                          stringtext27 010B7
__pstringtext28                          stringtext28 010BA
__pstringtext29                          stringtext29 010BD
__pstringtext3                           stringtext3  01025
__pstringtext30                          stringtext30 010C0
__pstringtext31                          stringtext31 010C3
__pstringtext32                          stringtext32 010C6
__pstringtext33                          stringtext33 010C9
__pstringtext34                          stringtext34 010CC
__pstringtext35                          stringtext35 010CF
__pstringtext36                          stringtext36 010D2
__pstringtext37                          stringtext37 010D5
__pstringtext38                          stringtext38 010D8
__pstringtext39                          stringtext39 010DB
__pstringtext4                           stringtext4  0103B
__pstringtext40                          stringtext40 010DE
__pstringtext41                          stringtext41 010E1
__pstringtext42                          stringtext42 010E4
__pstringtext43                          stringtext43 010E7
__pstringtext44                          stringtext44 010EA
__pstringtext45                          stringtext45 010ED
__pstringtext46                          stringtext46 010F0
__pstringtext47                          stringtext47 010F3
[...]
  buffer          1    2[COMMON] PTR void 
		 -> i2c_readDataBlock@reg(1), i2c_readDataBlock@d(3), i2c_write2ByteRegister@reg(1), i2c_write2ByteRegister@data(2), 
		 -> i2c_read2ByteRegister@reg(1), i2c_read2ByteRegister@result(2), i2c_read1ByteRegister@reg(1), i2c_read1ByteRegister@d2(1), 
		 -> i2c_write1ByteRegister@reg(1), i2c_write1ByteRegister@data(1), NULL(0), 
 Return value:  Size  Location     Type
                  1    wreg      void 
 Registers used:
		wreg
 Tracked objects:
		On entry : 
		On exit  : 
		Unchanged: 
 Data sizes:     COMMON   BANK0   BANK1   BANK2   BANK3   BANK4   BANK5   BANK6   BANK7   BANK8   BANK9  BANK10  BANK11  BANK12
      Params:         2       0       0       0       0       0       0       0       0       0       0       0       0       0
      Locals:         1       0       0       0       0       0       0       0       0       0       0       0       0       0
      Temps:          0       0       0       0       0       0       0       0       0       0       0       0       0       0
      Totals:         3       0       0       0       0       0       0       0       0       0       0       0       0       0
Total ram usage:        3 bytes
 Hardware stack levels used:    1
 This function calls:
		Nothing
 This function is called by:
		i1_wr1RegCompleteHandler
		i1_rd1RegCompleteHandler
		i1_rd2RegCompleteHandler
		i1_wr2RegCompleteHandler
		i1_rdBlkRegCompleteHandler
 This function uses a non-reentrant model


 *************** function i1_i2c1_driver_stop *****************
 Defined at:
		line 156 in file "mcc_generated_files/i2c1_driver.c"
 Parameters:    Size  Location     Type
		None
 Auto vars:     Size  Location     Type
		None
 Return value:  Size  Location     Type
                  1    wreg      void 
 Registers used:
		None
 Tracked objects:
		On entry : 
		On exit  : 
		Unchanged: 
 Data sizes:     COMMON   BANK0   BANK1   BANK2   BANK3   BANK4   BANK5   BANK6   BANK7   BANK8   BANK9  BANK10  BANK11  BANK12
      Params:         0       0       0       0       0       0       0       0       0       0       0       0       0       0
      Locals:         0       0       0       0       0       0       0       0       0       0       0       0       0       0
      Temps:          0       0       0       0       0       0       0       0       0       0       0       0       0       0
      Totals:         0       0       0       0       0       0       0       0       0       0       0       0       0       0
Total ram usage:        0 bytes
 Hardware stack levels used:    1
 This function calls:
		Nothing
 This function is called by:
		i1_do_I2C_SEND_STOP
 This function uses a non-reentrant model


 *************** function i1_i2c1_driver_restart *****************
 Defined at:
		line 151 in file "mcc_generated_files/i2c1_driver.c"
 Parameters:    Size  Location     Type
		None
 Auto vars:     Size  Location     Type
		None
 Return value:  Size  Location     Type
                  1    wreg      void 
 Registers used:
		None
 Tracked objects:
		On entry : 
		On exit  : 
		Unchanged: 
 Data sizes:     COMMON   BANK0   BANK1   BANK2   BANK3   BANK4   BANK5   BANK6   BANK7   BANK8   BANK9  BANK10  BANK11  BANK12
      Params:         0       0       0       0       0       0       0       0       0       0       0       0       0       0
      Locals:         0       0       0       0       0       0       0       0       0       0       0       0       0       0
      Temps:          0       0       0       0       0       0       0       0       0       0       0       0       0       0
      Totals:         0       0       0       0       0       0       0       0       0       0       0       0       0       0
Total ram usage:        0 bytes
 Hardware stack levels used:    1
 This function calls:
		Nothing
 This function is called by:
		i1_do_I2C_SEND_RESTART_READ
		i1_do_I2C_SEND_RESTART_WRITE
		i1_do_I2C_SEND_RESTART
 This function uses a non-reentrant model


 *************** function i1_i2c1_driver_sendACK *****************
 Defined at:
		line 196 in file "mcc_generated_files/i2c1_driver.c"
 Parameters:    Size  Location     Type
		None
 Auto vars:     Size  Location     Type
		None
 Return value:  Size  Location     Type
                  1    wreg      void 
 Registers used:
		None
 Tracked objects:
		On entry : 
		On exit  : 
		Unchanged: 
 Data sizes:     COMMON   BANK0   BANK1   BANK2   BANK3   BANK4   BANK5   BANK6   BANK7   BANK8   BANK9  BANK10  BANK11  BANK12
      Params:         0       0       0       0       0       0       0       0       0       0       0       0       0       0
      Locals:         0       0       0       0       0       0       0       0       0       0       0       0       0       0
      Temps:          0       0       0       0       0       0       0       0       0       0       0       0       0       0
      Totals:         0       0       0       0       0       0       0       0       0       0       0       0       0       0
Total ram usage:        0 bytes
 Hardware stack levels used:    1
 This function calls:
		Nothing
 This function is called by:
		i1_do_I2C_DO_ACK
		i1_do_I2C_RX
 This function uses a non-reentrant model


 *************** function _i2c_busCollisionISR *****************
 Defined at:
		line 435 in file "mcc_generated_files/drivers/i2c_master.c"
 Parameters:    Size  Location     Type
		None
 Auto vars:     Size  Location     Type
		None
 Return value:  Size  Location     Type
                  1    wreg      void 
 Registers used:
		status,2, status,0, pclath, cstack
 Tracked objects:
		On entry : 
		On exit  : 
		Unchanged: 
 Data sizes:     COMMON   BANK0   BANK1   BANK2   BANK3   BANK4   BANK5   BANK6   BANK7   BANK8   BANK9  BANK10  BANK11  BANK12
      Params:         0       0       0       0       0       0       0       0       0       0       0       0       0       0
      Locals:         0       0       0       0       0       0       0       0       0       0       0       0       0       0
      Temps:          0       0       0       0       0       0       0       0       0       0       0       0       0       0
      Totals:         0       0       0       0       0       0       0       0       0       0       0       0       0       0
Total ram usage:        0 bytes
 Hardware stack levels used:    1
 Hardware stack levels required when called:    1
 This function calls:
		_i2c1_driver_clearBusCollision
 This function is called by:
		_i2c_open
		_INTERRUPT_InterruptManager
 This function uses a non-reentrant model


 *************** function _i2c1_driver_clearBusCollision *****************
 Defined at:
		line 253 in file "mcc_generated_files/i2c1_driver.c"
 Parameters:    Size  Location     Type
		None
 Auto vars:     Size  Location     Type
		None
 Return value:  Size  Location     Type
                  1    wreg      void 
 Registers used:
		None
 Tracked objects:
		On entry : 
		On exit  : 
		Unchanged: 
 Data sizes:     COMMON   BANK0   BANK1   BANK2   BANK3   BANK4   BANK5   BANK6   BANK7   BANK8   BANK9  BANK10  BANK11  BANK12
      Params:         0       0       0       0       0       0       0       0       0       0       0       0       0       0
      Locals:         0       0       0       0       0       0       0       0       0       0       0       0       0       0
      Temps:          0       0       0       0       0       0       0       0       0       0       0       0       0       0
      Totals:         0       0       0       0       0       0       0       0       0       0       0       0       0       0
Total ram usage:        0 bytes
 Hardware stack levels used:    1
 This function calls:
		Nothing
 This function is called by:
		_i2c_busCollisionISR
 This function uses a non-reentrant model



MODULE INFORMATION

Module		Function		Class		Link	Load	Size
mcc_generated_files/tmr6.c
		_TMR6_Initialize		CODE           	0611	0000	15

mcc_generated_files/tmr6.c estimated size: 15

mcc_generated_files/pwm6.c
		_PWM6_LoadDutyValue		CODE           	030F	0000	23
		_PWM6_Initialize		CODE           	03DA	0000	12

mcc_generated_files/pwm6.c estimated size: 35

C:\Program Files (x86)\Microchip\xc8\v1.45\sources\common\lbdiv.c
		___lbdiv       		CODE           	05CA	0000	25

C:\Program Files (x86)\Microchip\xc8\v1.45\sources\common\lbdiv.c estimated size: 25

lcd2.h
		_Lcd_Write_String		CODE           	0292	0000	17
		_Lcd_Init      		CODE           	02B2	0000	59
		_Lcd_Num       		CODE           	0147	0000	332
		_Lcd_Write_Char		CODE           	033C	0000	32
		_Lcd_Cmd       		CODE           	02EC	0000	20
		_Lcd_Set_Cursor		CODE           	0130	0000	24
		_Lcd_Clear     		CODE           	035B	0000	6
		_Lcd_Port      		CODE           	0325	0000	24

lcd2.h estimated size: 514

mcc_generated_files/interrupt_manager.c
		_INTERRUPT_InterruptManager		CODE           	0004	0000	27

mcc_generated_files/interrupt_manager.c estimated size: 27

C:\Program Files (x86)\Microchip\xc8\v1.45\sources\common\Umul16.c
		___wmul        		CODE           	0CD0	0000	22

C:\Program Files (x86)\Microchip\xc8\v1.45\sources\common\Umul16.c estimated size: 22

mcc_generated_files/pwm2.c
		_PWM2_Initialize		CODE           	03D1	0000	10
		_PWM2_LoadDutyValue		CODE           	02FF	0000	17

mcc_generated_files/pwm2.c estimated size: 27

mcc_generated_files/pin_manager.c
		_PIN_MANAGER_Initialize		CODE           	0393	0000	46

mcc_generated_files/pin_manager.c estimated size: 46

C:\Program Files (x86)\Microchip\xc8\v1.45\sources\common\lwmod.c
		___lwmod       		CODE           	0F66	0000	33

C:\Program Files (x86)\Microchip\xc8\v1.45\sources\common\lwmod.c estimated size: 33

C:\Program Files (x86)\Microchip\xc8\v1.45\sources\common\awmod.c
		___awmod       		CODE           	0F86	0000	58

C:\Program Files (x86)\Microchip\xc8\v1.45\sources\common\awmod.c estimated size: 58

C:\Program Files (x86)\Microchip\xc8\v1.45\sources\common\almod.c
		___almod       		CODE           	0EE7	0000	91

C:\Program Files (x86)\Microchip\xc8\v1.45\sources\common\almod.c estimated size: 91

mcc_generated_files/drivers/i2c_simple_master.c
		_wr1RegCompleteHandler		CODE           	0405	0000	17
		_wr2RegCompleteHandler		CODE           	0415	0000	17
		_i2c_write1ByteRegister		CODE           	050A	0000	38
		_rdBlkRegCompleteHandler		CODE           	0425	0000	24
		_i2c_read1ByteRegister		CODE           	043C	0000	56
		_rd1RegCompleteHandler		CODE           	03F5	0000	17
		_rd2RegCompleteHandler		CODE           	03E5	0000	17

mcc_generated_files/drivers/i2c_simple_master.c estimated size: 186

C:\Program Files (x86)\Microchip\xc8\v1.45\sources\common\Umul32.c
		___lmul        		CODE           	0C41	0000	38

C:\Program Files (x86)\Microchip\xc8\v1.45\sources\common\Umul32.c estimated size: 38

mcc_generated_files/RTC6.c
		_rtc6_GetTime  		CODE           	062E	0000	82
		_rtc6_SetTime1 		CODE           	0473	0000	53
		_rtcc_write    		CODE           	04F5	0000	17
		_rtc6_GetComponent		CODE           	067F	0000	24
		_rtc6_Initialize		CODE           	04C0	0000	54
		_rtc6_SetComponent		CODE           	04A7	0000	26
		_rtcc_read     		CODE           	0505	0000	6

mcc_generated_files/RTC6.c estimated size: 262

shared
		PL287          		CODE           	0D9A	0000	6
		i1_returnReset 		CODE           	09A2	0000	2
		PL259          		CODE           	0FBF	0000	15
		PL269          		CODE           	07C5	0000	9
		i1_do_I2C_SEND_ADR_READ		CODE           	09FB	0000	10
		i1_do_I2C_DO_NACK_STOP		CODE           	0A71	0000	5
		PL279          		CODE           	0FF1	0000	7
		i1_mssp1_clearIRQ		CODE           	0000	0000	1
		i1_setCallBack 		CODE           	06C8	0000	33
		i1_do_I2C_SEND_RESTART		CODE           	0BB6	0000	4
		i1_i2c_restartWrite		CODE           	0998	0000	2
		i1_do_I2C_TX_EMPTY		CODE           	0ADD	0000	36
		_moninit       		STRCODE        	1048	0000	13
		i1_do_I2C_DO_NACK_RESTART		CODE           	0A75	0000	5
		i1_do_I2C_SEND_RESTART_READ		CODE           	0B9D	0000	4
		i1_do_I2C_DO_ADDRESS_NACK		CODE           	0A9E	0000	29
		i1_rd1RegCompleteHandler		CODE           	06F3	0000	12
		i1_do_I2C_RX   		CODE           	0A3D	0000	53
		i1_do_I2C_TX   		CODE           	0B53	0000	75
		PL261          		CODE           	0FCD	0000	14
		i1_i2c_ISR     		CODE           	0782	0000	36
		PL271          		CODE           	07CD	0000	9
		i1_i2c1_driver_sendNACK		CODE           	0000	0000	1
		i1_do_I2C_IDLE 		CODE           	09B3	0000	3
		i1_do_I2C_RCEN 		CODE           	09D7	0000	6
		i1_i2c1_driver_isNACK		CODE           	0000	0000	1
		__initialization		CODE           	0020	0000	41
		PL281          		CODE           	09B5	0000	5
		i1_mssp1_setIRQ		CODE           	0000	0000	1
		i1_i2c1_driver_restart		CODE           	0000	0000	1
		PL253          		CODE           	0D61	0000	25
		i1_i2c1_driver_stop		CODE           	0000	0000	1
		i1_rd2RegCompleteHandler		CODE           	06FE	0000	12
		i1_i2c_setDataCompleteCallback		CODE           	06BF	0000	10
		PL263          		CODE           	0FDA	0000	9
		i1_do_I2C_RESET		CODE           	09CB	0000	6
		i1_i2c1_driver_startRX		CODE           	0000	0000	1
		i1_i2c1_driver_resetBus		CODE           	0000	0000	1
		PL273          		CODE           	07D5	0000	8
		i1_i2c1_driver_sendACK		CODE           	0000	0000	1
		PL283          		CODE           	0FF7	0000	6
		PL255          		CODE           	0D79	0000	11
		i1_do_I2C_SEND_RESTART_WRITE		CODE           	0BA0	0000	4
		PL265          		CODE           	07BB	0000	11
		i1_do_I2C_DO_ACK		CODE           	09C0	0000	5
		i1_do_I2C_SEND_ADR_WRITE		CODE           	09E7	0000	9
		PL275          		CODE           	0FEB	0000	7
		i1_i2c1_driver_getRXData		CODE           	0000	0000	1
		i1_wr1RegCompleteHandler		CODE           	06E8	0000	12
		PL285          		CODE           	0FFC	0000	5
		i1_do_I2C_SEND_STOP		CODE           	0BA3	0000	4
		i1_i2c1_driver_TXData		CODE           	0000	0000	1
		PL257          		CODE           	0D83	0000	18
		i1_i2c_setBuffer		CODE           	06B3	0000	13
		i1_rdBlkRegCompleteHandler		CODE           	0709	0000	19
		PL267          		CODE           	0FE2	0000	10
		PL277          		CODE           	0D94	0000	7
		i1_wr2RegCompleteHandler		CODE           	06A8	0000	12
		i1_returnStop  		CODE           	099D	0000	2

shared estimated size: 670

C:\Program Files (x86)\Microchip\xc8\v1.45\sources\common\ctime.c
		_gmtime        		CODE           	0DBF	0000	189
		_localtime     		CODE           	061F	0000	16
		_dylen         		CODE           	0F41	0000	38

C:\Program Files (x86)\Microchip\xc8\v1.45\sources\common\ctime.c estimated size: 243

mcc_generated_files/mcc.c
		_PMD_Initialize		CODE           	03C0	0000	9
		_OSCILLATOR_Initialize		CODE           	0389	0000	11
		_SYSTEM_Initialize		CODE           	0360	0000	20

mcc_generated_files/mcc.c estimated size: 40

C:\Program Files (x86)\Microchip\xc8\v1.45\sources\common\mktime.c
		_mktime        		CODE           	0BBE	0000	132
		_isleap        		CODE           	0D9F	0000	33
		_months_to_days		CODE           	0CB7	0000	26
		_ymd_to_scalar 		CODE           	0C66	0000	82
		_years_to_days 		CODE           	0CE5	0000	88

C:\Program Files (x86)\Microchip\xc8\v1.45\sources\common\mktime.c estimated size: 361

mcc_generated_files/drivers/i2c_master.c
		_i2c_setDataCompleteCallback		CODE           	0553	0000	9
		_returnStop    		CODE           	0999	0000	5
		_i2c_setBuffer 		CODE           	0541	0000	19
		_i2c_busCollisionISR		CODE           	07FC	0000	4
		_i2c_ISR       		CODE           	0755	0000	30
		_i2c_close     		CODE           	052F	0000	19
		_i2c_masterOperation		CODE           	071B	0000	59
		_do_I2C_TX_EMPTY		CODE           	0ABA	0000	36
		_setCallBack   		CODE           	05AA	0000	33
		_returnReset   		CODE           	099E	0000	5
		_do_I2C_SEND_RESTART_WRITE		CODE           	0B00	0000	6
		_i2c_poller    		CODE           	0000	0000	1
		_i2c_masterWrite		CODE           	055B	0000	3
		_do_I2C_DO_NACK_RESTART		CODE           	0A04	0000	6
		_do_I2C_SEND_RESTART_READ		CODE           	0BA6	0000	6
		_i2c_setAddressNACKCallback		CODE           	05A2	0000	9
		_do_I2C_SEND_ADR_WRITE		CODE           	09DC	0000	12
		_do_I2C_SEND_STOP		CODE           	0BAE	0000	6
		_i2c_open      		CODE           	055D	0000	70
		_do_I2C_SEND_ADR_READ		CODE           	09EF	0000	13
		_do_I2C_DO_NACK_STOP		CODE           	0A79	0000	6
		_do_I2C_SEND_RESTART		CODE           	0BB9	0000	6
		_do_I2C_RX     		CODE           	0A09	0000	53
		_do_I2C_TX     		CODE           	0B05	0000	79
		_do_I2C_IDLE   		CODE           	09AF	0000	5
		_do_I2C_RCEN   		CODE           	09D0	0000	8
		_do_I2C_DO_ADDRESS_NACK		CODE           	0A82	0000	29
		_do_I2C_RESET  		CODE           	09C4	0000	8
		_do_I2C_DO_ACK 		CODE           	09B9	0000	8

mcc_generated_files/drivers/i2c_master.c estimated size: 553

mcc_generated_files/tmr1.c
		_TMR1_Initialize		CODE           	05FA	0000	24

mcc_generated_files/tmr1.c estimated size: 24

C:\Program Files (x86)\Microchip\xc8\v1.45\sources\common\lwdiv.c
		___lwdiv       		CODE           	0D3C	0000	38

C:\Program Files (x86)\Microchip\xc8\v1.45\sources\common\lwdiv.c estimated size: 38

mcc_generated_files/pwm1.c
		_PWM1_Initialize		CODE           	03C8	0000	10
		_PWM1_LoadDutyValue		CODE           	02A2	0000	17

mcc_generated_files/pwm1.c estimated size: 27

mcc_generated_files/drivers/i2c_types.c
		_i2c_restartWrite		CODE           	0994	0000	5

mcc_generated_files/drivers/i2c_types.c estimated size: 5

C:\Program Files (x86)\Microchip\xc8\v1.45\sources\common\lbmod.c
		___lbmod       		CODE           	05E2	0000	25

C:\Program Files (x86)\Microchip\xc8\v1.45\sources\common\lbmod.c estimated size: 25

mcc_generated_files/i2c1_driver.c
		_mssp1_waitForEvent		CODE           	0000	0000	1
		_i2c1_driver_open		CODE           	07A5	0000	11
		_mssp1_disableIRQ		CODE           	0000	0000	1
		_i2c1_driver_isNACK		CODE           	0775	0000	14
		_i2c1_driver_stop		CODE           	0BB3	0000	4
		_i2c1_driver_getRXData		CODE           	0000	0000	1
		_i2c1_driver_TXData		CODE           	0000	0000	1
		_i2c1_driver_setBusCollisionISR		CODE           	0000	0000	1
		_i2c1_driver_start		CODE           	0000	0000	1
		_i2c1_driver_sendACK		CODE           	0000	0000	1
		_mssp1_setIRQ  		CODE           	0000	0000	1
		_i2c1_driver_sendNACK		CODE           	0A7E	0000	5
		_i2c1_driver_restart		CODE           	0BAB	0000	4
		_i2c1_driver_resetBus		CODE           	0000	0000	1
		_i2c1_driver_clearBusCollision		CODE           	0000	0000	1
		_mssp1_clearIRQ		CODE           	0772	0000	4
		_i2c1_driver_startRX		CODE           	0000	0000	1
		_i2c1_driver_setI2cISR		CODE           	0000	0000	1
		_mssp1_IRQisEnabled		CODE           	0000	0000	1

mcc_generated_files/i2c1_driver.c estimated size: 55

C:\Program Files (x86)\Microchip\xc8\v1.45\sources\common\aldiv.c
		___aldiv       		CODE           	0E7B	0000	109

C:\Program Files (x86)\Microchip\xc8\v1.45\sources\common\aldiv.c estimated size: 109

mcc_generated_files/adcc.c
		_ADCC_Initialize		CODE           	0373	0000	23

mcc_generated_files/adcc.c estimated size: 23

C:\Program Files (x86)\Microchip\xc8\v1.45\sources\common\Umul8.c
		___bmul        		CODE           	07AF	0000	13

C:\Program Files (x86)\Microchip\xc8\v1.45\sources\common\Umul8.c estimated size: 13

main.c
		_main          		CODE           	004B	0000	230

main.c estimated size: 230

C:\Program Files (x86)\Microchip\xc8\v1.45\sources\common\memset.c
		_memset        		CODE           	0696	0000	19

C:\Program Files (x86)\Microchip\xc8\v1.45\sources\common\memset.c estimated size: 19

