Microchip MPLAB XC8 Compiler V1.45 ()

Linker command line:

-W-3 --edf=C:\Program Files (x86)\Microchip\xc8\v1.45\dat\en_msgs.txt -cs \
  -h+dist/default/production\OverDrive.X.production.sym \
  --cmf=dist/default/production\OverDrive.X.production.cmf -z -Q16F18855 \
  -oC:\Users\sobra\AppData\Local\Temp\sdg8.2 \
  -Mdist/default/production/OverDrive.X.production.map -E1 -ver=XC8 \
  -ASTACK=020EDh-023efh -pstack=STACK -ACODE=00h-07FFhx4 \
  -ASTRCODE=00h-01FFFh -ASTRING=00h-0FFhx32 -ACONST=00h-0FFhx32 \
  -AENTRY=00h-0FFhx32 -ACOMMON=070h-07Fh -ABANK0=020h-06Fh \
  -ABANK1=0A0h-0EFh -ABANK2=0120h-016Fh -ABANK3=01A0h-01EFh \
  -ABANK4=0220h-026Fh -ABANK5=02A0h-02EFh -ABANK6=0320h-036Fh \
  -ABANK7=03A0h-03EFh -ABANK8=0420h-046Fh -ABANK9=04A0h-04EFh \
  -ABANK10=0520h-056Fh -ABANK11=05A0h-05EFh -ABANK12=0620h-064Fh \
  -ABIGRAM=02000h-023EFh \
  -ARAM=020h-06Fh,0A0h-0EFh,0120h-016Fh,01A0h-01EFh,0220h-026Fh,02A0h-02EFh,0320h-036Fh,03A0h-03EFh,0420h-046Fh,04A0h-04EFh,0520h-056Fh,05A0h-05EFh,0620h-064Fh \
  -AABS1=020h-07Fh,0A0h-0EFh,0120h-016Fh,01A0h-01EFh,0220h-026Fh,02A0h-02EFh,0320h-036Fh,03A0h-03EFh,0420h-046Fh,04A0h-04EFh,0520h-056Fh,05A0h-05EFh,0620h-064Fh \
  -ASFR0=00h-01Fh -ASFR1=080h-09Fh -ASFR2=0100h-011Fh -ASFR3=0180h-019Fh \
  -ASFR4=0200h-021Fh -ASFR5=0280h-029Fh -ASFR6=0300h-031Fh \
  -ASFR7=0380h-039Fh -ASFR8=0400h-041Fh -ASFR9=0480h-049Fh \
  -ASFR10=0500h-051Fh -ASFR11=0580h-059Fh -ASFR12=0600h-061Fh \
  -ASFR13=0680h-06EFh -ASFR14=0700h-076Fh -ASFR15=0780h-07EFh \
  -ASFR16=0800h-086Fh -ASFR17=0880h-08EFh -ASFR18=0900h-096Fh \
  -ASFR19=0980h-09EFh -ASFR20=0A00h-0A6Fh -ASFR21=0A80h-0AEFh \
  -ASFR22=0B00h-0B6Fh -ASFR23=0B80h-0BEFh -ASFR24=0C00h-0C6Fh \
  -ASFR25=0C80h-0CEFh -ASFR26=0D00h-0D6Fh -ASFR27=0D80h-0DEFh \
  -ASFR28=0E00h-0E6Fh -ASFR29=0E80h-0EEFh -ASFR30=0F00h-0F6Fh \
  -ASFR31=0F80h-0FEFh -preset_vec=00h,intentry=04h,init,end_init \
  -ppowerup=CODE -pcinit=CODE -pfunctab=ENTRY -ACONFIG=08007h-0800Bh \
  -pconfig=CONFIG -DCONFIG=2 -AIDLOC=08000h-08003h -pidloc=IDLOC -DIDLOC=2 \
  -AEEDATA=00h-0FFh/0F000h -peeprom_data=EEDATA -DEEDATA=2 -DCODE=2 \
  -DSTRCODE=2 -DSTRING=2 -DCONST=2 -DENTRY=2 -k \
  C:\Users\sobra\AppData\Local\Temp\sdg8.obj \
  dist/default/production\OverDrive.X.production.obj 

Object code version is 3.11

Machine type is 16F18855



                Name                               Link     Load   Length Selector   Space Scale
C:\Users\sobra\AppData\Local\Temp\sdg8.obj
                end_init                             1E       1E        2        8       0
                reset_vec                             0        0        2        0       0
                config                             8007     8007        5    1000E       0
dist/default/production\OverDrive.X.production.obj
                cinit                                20       20      7D8        8       0
                intentry                              4        4       1A        8       0
                text146                             87C      87C        3     10F8       0
                swtext1                             800      800       7C     1000       0
                text72                             17A2     17A2        5     2F44       0
                text69                              BEB      BEB      1A6     17D6       0
                text67                             17A7     17A7        5     2F4E       0
                text66                             17AC     17AC        5     2F58       0
                text57                             17CC     17CC        C     2F98       0
                text56                             17B7     17B7        A     2F6E       0
                text51                             17EB     17EB       15     2FD6       0
                text50                             17D8     17D8       13     2FB0       0
                text49                              87F      87F        C     10FE       0
                text48                             17C1     17C1        B     2F82       0
                text46                              8AB      8AB       7E     1156       0
                text45                              AAF      AAF      13C     155E       0
                text38                              929      929       8A     1252       0
                text19                              D91      D91      26F     1B22       0
                text1                               9B3      9B3       FC     1366       0
                cstackBANK0                          20       20       47       20       1
                cstackCOMMON                         70       70        A       70       1
                cstackBANK1                          DB       DB       12       A0       1
                clrtext                            17B1     17B1        6     2F62       0
                inittext                            7F8      7F8        6        8       0
                dataBANK2                           14D      14D       20      120       1
                bssBANK2                            120      120       2D      120       1
                bssBANK1                             A0       A0       3B       A0       1
                dataBANK0                            6F       6F        1       20       1
                bssBANK0                             67       67        8       20       1
                stringtext70                       1924     1924        3     3000       0
                stringtext69                       1921     1921        3     3000       0
                stringtext68                       191E     191E        3     3000       0
                stringtext67                       191B     191B        3     3000       0
                stringtext66                       1918     1918        3     3000       0
                stringtext65                       1915     1915        3     3000       0
                stringtext64                       1912     1912        3     3000       0
                stringtext63                       190F     190F        3     3000       0
                stringtext62                       190C     190C        3     3000       0
                stringtext61                       1909     1909        3     3000       0
                stringtext60                       1906     1906        3     3000       0
                stringtext59                       1903     1903        3     3000       0
                stringtext58                       1900     1900        3     3000       0
                stringtext57                       18FD     18FD        3     3000       0
                stringtext56                       18FA     18FA        3     3000       0
                stringtext55                       18F7     18F7        3     3000       0
                stringtext54                       18F4     18F4        3     3000       0
                stringtext53                       18F1     18F1        3     3000       0
                stringtext52                       18EE     18EE        3     3000       0
                stringtext51                       18EB     18EB        3     3000       0
                stringtext50                       18E8     18E8        3     3000       0
                stringtext49                       18E5     18E5        3     3000       0
                stringtext48                       18E2     18E2        3     3000       0
                stringtext47                       18DF     18DF        3     3000       0
                stringtext46                       18DC     18DC        3     3000       0
                stringtext45                       18D9     18D9        3     3000       0
                stringtext44                       18D6     18D6        3     3000       0
                stringtext43                       18D3     18D3        3     3000       0
                stringtext42                       18D0     18D0        3     3000       0
                stringtext41                       18CD     18CD        3     3000       0
                stringtext40                       18CA     18CA        3     3000       0
                stringtext39                       18C7     18C7        3     3000       0
                stringtext38                       18C4     18C4        3     3000       0
                stringtext37                       18C1     18C1        3     3000       0
                stringtext36                       18BE     18BE        3     3000       0
                stringtext35                       18BB     18BB        3     3000       0
                stringtext34                       18B8     18B8        3     3000       0
                stringtext33                       18B5     18B5        3     3000       0
                stringtext32                       18B2     18B2        3     3000       0
                stringtext31                       18AF     18AF        3     3000       0
                stringtext30                       18AC     18AC        3     3000       0
                stringtext29                       18A9     18A9        3     3000       0
                stringtext28                       18A6     18A6        3     3000       0
                stringtext27                       18A3     18A3        3     3000       0
                stringtext26                       18A0     18A0        3     3000       0
                stringtext25                       189D     189D        3     3000       0
                stringtext24                       189A     189A        3     3000       0
                stringtext23                       1897     1897        3     3000       0
                stringtext22                       1894     1894        3     3000       0
                stringtext21                       1891     1891        3     3000       0
                stringtext20                       188E     188E        3     3000       0
                stringtext19                       188B     188B        3     3000       0
                stringtext18                       1888     1888        3     3000       0
                stringtext17                       1885     1885        3     3000       0
                stringtext16                       1882     1882        3     3000       0
                stringtext15                       187F     187F        3     3000       0
                stringtext14                       187C     187C        3     3000       0
                stringtext13                       1879     1879        3     3000       0
                stringtext12                       1876     1876        3     3000       0
                stringtext11                       1872     1872        4     3000       0
                stringtext10                       1867     1867        B     3000       0
                stringtext9                        184E     184E        D     3000       0
                stringtext8                        1841     1841        D     3000       0
                stringtext7                        1833     1833        E     3000       0
                stringtext6                        1822     1822       11     3000       0
                stringtext5                        1811     1811       11     3000       0
                stringtext4                        1800     1800       11     3000       0
                stringtext3                        1025     1025       16     2000       0
                stringtext2                        1000     1000       25     2000       0
                nvBANK1                              ED       ED        2       A0       1
                stringtext1                        185B     185B        C     3000       0
                idataBANK2                          88B      88B       20     1116       0

TOTAL           Name                               Link     Load   Length     Space
        CLASS   STACK          

        CLASS   CODE           
                end_init                             1E       1E        2         0
                cinit                                20       20      7D8         0
                intentry                              4        4       1A         0
                reset_vec                             0        0        2         0
                text146                             87C      87C        3         0
                text72                             17A2     17A2        5         0
                text69                              BEB      BEB      1A6         0
                text67                             17A7     17A7        5         0
                text66                             17AC     17AC        5         0
                text57                             17CC     17CC        C         0
                text56                             17B7     17B7        A         0
                text51                             17EB     17EB       15         0
                text50                             17D8     17D8       13         0
                text49                              87F      87F        C         0
                text48                             17C1     17C1        B         0
                text46                              8AB      8AB       7E         0
                text45                              AAF      AAF      13C         0
                text38                              929      929       8A         0
                text19                              D91      D91      26F         0
                text1                               9B3      9B3       FC         0
                clrtext                            17B1     17B1        6         0
                inittext                            7F8      7F8        6         0
                idataBANK2                          88B      88B       20         0

        CLASS   STRCODE        
                stringtext70                       1924     1924        3         0
                stringtext69                       1921     1921        3         0
                stringtext68                       191E     191E        3         0
                stringtext67                       191B     191B        3         0
                stringtext66                       1918     1918        3         0
                stringtext65                       1915     1915        3         0
                stringtext64                       1912     1912        3         0
                stringtext63                       190F     190F        3         0
                stringtext62                       190C     190C        3         0
                stringtext61                       1909     1909        3         0
                stringtext60                       1906     1906        3         0
                stringtext59                       1903     1903        3         0
                stringtext58                       1900     1900        3         0
                stringtext57                       18FD     18FD        3         0
                stringtext56                       18FA     18FA        3         0
                stringtext55                       18F7     18F7        3         0
                stringtext54                       18F4     18F4        3         0
                stringtext53                       18F1     18F1        3         0
                stringtext52                       18EE     18EE        3         0
                stringtext51                       18EB     18EB        3         0
                stringtext50                       18E8     18E8        3         0
                stringtext49                       18E5     18E5        3         0
                stringtext48                       18E2     18E2        3         0
                stringtext47                       18DF     18DF        3         0
                stringtext46                       18DC     18DC        3         0
                stringtext45                       18D9     18D9        3         0
                stringtext44                       18D6     18D6        3         0
                stringtext43                       18D3     18D3        3         0
                stringtext42                       18D0     18D0        3         0
                stringtext41                       18CD     18CD        3         0
                stringtext40                       18CA     18CA        3         0
                stringtext39                       18C7     18C7        3         0
                stringtext38                       18C4     18C4        3         0
                stringtext37                       18C1     18C1        3         0
                stringtext36                       18BE     18BE        3         0
                stringtext35                       18BB     18BB        3         0
                stringtext34                       18B8     18B8        3         0
                stringtext33                       18B5     18B5        3         0
                stringtext32                       18B2     18B2        3         0
                stringtext31                       18AF     18AF        3         0
                stringtext30                       18AC     18AC        3         0
                stringtext29                       18A9     18A9        3         0
                stringtext28                       18A6     18A6        3         0
                stringtext27                       18A3     18A3        3         0
                stringtext26                       18A0     18A0        3         0
                stringtext25                       189D     189D        3         0
                stringtext24                       189A     189A        3         0
                stringtext23                       1897     1897        3         0
                stringtext22                       1894     1894        3         0
                stringtext21                       1891     1891        3         0
                stringtext20                       188E     188E        3         0
                stringtext19                       188B     188B        3         0
                stringtext18                       1888     1888        3         0
                stringtext17                       1885     1885        3         0
                stringtext16                       1882     1882        3         0
                stringtext15                       187F     187F        3         0
                stringtext14                       187C     187C        3         0
                stringtext13                       1879     1879        3         0
                stringtext12                       1876     1876        3         0
                stringtext11                       1872     1872        4         0
                stringtext10                       1867     1867        B         0
                stringtext9                        184E     184E        D         0
                stringtext8                        1841     1841        D         0
                stringtext7                        1833     1833        E         0
                stringtext6                        1822     1822       11         0
                stringtext5                        1811     1811       11         0
                stringtext4                        1800     1800       11         0
                stringtext3                        1025     1025       16         0
                stringtext2                        1000     1000       25         0
                stringtext1                        185B     185B        C         0

        CLASS   STRING         

        CLASS   CONST          
                swtext1                             800      800       7C         0

        CLASS   ENTRY          

        CLASS   COMMON         
                cstackCOMMON                         70       70        A         1

        CLASS   BANK0          
                cstackBANK0                          20       20       47         1
                dataBANK0                            6F       6F        1         1
                bssBANK0                             67       67        8         1

        CLASS   BANK1          
                cstackBANK1                          DB       DB       12         1
                bssBANK1                             A0       A0       3B         1
                nvBANK1                              ED       ED        2         1

        CLASS   BANK2          
                dataBANK2                           14D      14D       20         1
                bssBANK2                            120      120       2D         1

        CLASS   BANK3          

        CLASS   BANK4          

        CLASS   BANK5          

        CLASS   BANK6          

        CLASS   BANK7          

        CLASS   BANK8          

        CLASS   BANK9          

        CLASS   BANK10         

        CLASS   BANK11         

        CLASS   BANK12         

        CLASS   BIGRAM         

        CLASS   RAM            

        CLASS   ABS1           
                abs_s1                               7E       7E        2         1

        CLASS   SFR0           

        CLASS   SFR1           

        CLASS   SFR2           

        CLASS   SFR3           

        CLASS   SFR4           

        CLASS   SFR5           

        CLASS   SFR6           

        CLASS   SFR7           

        CLASS   SFR8           

        CLASS   SFR9           

        CLASS   SFR10          

        CLASS   SFR11          

        CLASS   SFR12          

        CLASS   SFR13          

        CLASS   SFR14          

        CLASS   SFR15          

        CLASS   SFR16          

        CLASS   SFR17          

        CLASS   SFR18          

        CLASS   SFR19          

        CLASS   SFR20          

        CLASS   SFR21          

        CLASS   SFR22          

        CLASS   SFR23          

        CLASS   SFR24          

        CLASS   SFR25          

        CLASS   SFR26          

        CLASS   SFR27          

        CLASS   SFR28          

        CLASS   SFR29          

        CLASS   SFR30          

        CLASS   SFR31          

        CLASS   CONFIG         
                config                             8007     8007        5         0

        CLASS   IDLOC          

        CLASS   EEDATA         

        CLASS   BANK31         

        CLASS   BANK30         

        CLASS   BANK29         

        CLASS   BANK28         

        CLASS   BANK27         

        CLASS   BANK26         

        CLASS   BANK25         

        CLASS   BANK24         

        CLASS   BANK23         

        CLASS   BANK22         

        CLASS   BANK21         

        CLASS   BANK20         

        CLASS   BANK19         

        CLASS   BANK18         

        CLASS   BANK17         

        CLASS   BANK16         

        CLASS   BANK15         

        CLASS   BANK14         

        CLASS   BANK13         



SEGMENTS        Name                           Load    Length   Top    Selector   Space  Class     Delta

                reset_vec                      000000  000002  000002         0       0  CODE        2
                intentry                       000004  0007FA  0007FE         8       0  CODE        2
                cstackBANK0                    000020  000050  000070        20       1  BANK0       1
                cstackCOMMON                   000070  00000A  00007A        70       1  COMMON      1
                bssBANK1                       0000A0  00004F  0000EF        A0       1  BANK1       1
                bssBANK2                       000120  00004D  00016D       120       1  BANK2       1
                swtext1                        000800  00007C  00087C      1000       0  CONST       2
                text146                        00087C  000003  00087F      10F8       0  CODE        2
                text49                         00087F  00000C  00088B      10FE       0  CODE        2
                idataBANK2                     00088B  000020  0008AB      1116       0  CODE        2
                text46                         0008AB  00007E  000929      1156       0  CODE        2
                text38                         000929  00008A  0009B3      1252       0  CODE        2
                text1                          0009B3  0000FC  000AAF      1366       0  CODE        2
                text45                         000AAF  00013C  000BEB      155E       0  CODE        2
                text69                         000BEB  0001A6  000D91      17D6       0  CODE        2
                text19                         000D91  00026F  001000      1B22       0  CODE        2
                stringtext2                    001000  00003B  00103B      2000       0  STRCODE     2
                text72                         0017A2  000005  0017A7      2F44       0  CODE        2
                text67                         0017A7  000005  0017AC      2F4E       0  CODE        2
                text66                         0017AC  000005  0017B1      2F58       0  CODE        2
                clrtext                        0017B1  000006  0017B7      2F62       0  CODE        2
                text56                         0017B7  00000A  0017C1      2F6E       0  CODE        2
                text48                         0017C1  00000B  0017CC      2F82       0  CODE        2
                text57                         0017CC  00000C  0017D8      2F98       0  CODE        2
                text50                         0017D8  000013  0017EB      2FB0       0  CODE        2
                text51                         0017EB  000015  001800      2FD6       0  CODE        2
                stringtext4                    001800  000127  001927      3000       0  STRCODE     2
                config                         008007  000005  00800C     1000E       0  CONFIG      2


UNUSED ADDRESS RANGES

        Name                Unused          Largest block    Delta
        BANK1            000EF-000EF               1           1
        BANK10           00520-0056F              50           1
        BANK11           005A0-005EF              50           1
        BANK12           00620-0064F              30           1
        BANK2            0016D-0016F               3           1
        BANK3            001A0-001EF              50           1
        BANK4            00220-0026F              50           1
        BANK5            002A0-002EF              50           1
        BANK6            00320-0036F              50           1
        BANK7            003A0-003EF              50           1
        BANK8            00420-0046F              50           1
        BANK9            004A0-004EF              50           1
        BIGRAM           02000-023EF             3F0           1
        CODE             00002-00003               2           2
                         007FE-007FF               2
                         0103B-017A1             767
                         01927-01FFF             6D9
        COMMON           0007A-0007D               4           1
        CONST            00002-00003               2           2
                         007FE-007FF               2
                         0103B-017A1             100
                         01927-01FFF             100
        EEDATA           0F000-0F0FF             100           2
        ENTRY            00002-00003               2           2
                         007FE-007FF               2
                         0103B-017A1             100
                         01927-01FFF             100
        IDLOC            08000-08003               4           2
        RAM              000EF-000EF               1           1
                         0016D-0016F               3
                         001A0-001EF              50
                         00220-0026F              50
                         002A0-002EF              50
                         00320-0036F              50
                         003A0-003EF              50
                         00420-0046F              50
                         004A0-004EF              50
                         00520-0056F              50
                         005A0-005EF              50
                         00620-0064F              30
        SFR0             00000-0001F              20           1
        SFR1             00080-0009F              20           1
        SFR10            00500-0051F              20           1
        SFR11            00580-0059F              20           1
        SFR12            00600-0061F              20           1
        SFR13            00680-006EF              70           1
        SFR14            00700-0076F              70           1
        SFR15            00780-007EF              70           1
        SFR16            00800-0086F              70           1
        SFR17            00880-008EF              70           1
        SFR18            00900-0096F              70           1
        SFR19            00980-009EF              70           1
        SFR2             00100-0011F              20           1
        SFR20            00A00-00A6F              70           1
        SFR21            00A80-00AEF              70           1
        SFR22            00B00-00B6F              70           1
        SFR23            00B80-00BEF              70           1
        SFR24            00C00-00C6F              70           1
        SFR25            00C80-00CEF              70           1
        SFR26            00D00-00D6F              70           1
        SFR27            00D80-00DEF              70           1
        SFR28            00E00-00E6F              70           1
        SFR29            00E80-00EEF              70           1
        SFR3             00180-0019F              20           1
        SFR30            00F00-00F6F              70           1
        SFR31            00F80-00FEF              70           1
        SFR4             00200-0021F              20           1
        SFR5             00280-0029F              20           1
        SFR6             00300-0031F              20           1
        SFR7             00380-0039F              20           1
        SFR8             00400-0041F              20           1
        SFR9             00480-0049F              20           1
        STACK            020ED-023EF             303           1
        STRCODE          00002-00003               2           2
                         007FE-007FF               2
                         0103B-017A1             767
                         01927-01FFF             6D9
        STRING           00002-00003               2           2
                         007FE-007FF               2
                         0103B-017A1             100
                         01927-01FFF             100

                                  Symbol Table

?_ADCC_GetSingleConversion               cstackBANK0  00020
?___aldiv                                cstackBANK0  00020
?___almod                                cstackBANK0  00020
?___awmod                                cstackBANK0  00020
?___lmul                                 cstackBANK0  00020
?___lwdiv                                cstackBANK0  0002A
?___lwmod                                cstackBANK0  00020
?___wmul                                 cstackBANK0  00024
?_dylen                                  cstackBANK0  00025
?_isleap                                 cstackBANK0  00025
?_mktime                                 cstackBANK0  00053
?_months_to_days                         cstackBANK0  00031
?_rtc6_GetTime                           cstackBANK0  00062
?_years_to_days                          cstackBANK0  00031
?_ymd_to_scalar                          cstackBANK0  00043
ADCC_GetSingleConversion@channel         cstackBANK0  00023
Lcd_Cmd@a                                cstackBANK0  00022
Lcd_Num@d                                cstackBANK0  00029
Lcd_Port@a                               cstackBANK0  00020
Lcd_Set_Cursor@a                         cstackBANK0  00024
Lcd_Set_Cursor@b                         cstackBANK0  00023
Lcd_Set_Cursor@temp                      cstackBANK0  00027
Lcd_Set_Cursor@y                         cstackBANK0  00026
Lcd_Set_Cursor@z                         cstackBANK0  00025
Lcd_Write_Char@a                         cstackBANK0  00023
Lcd_Write_Char@temp                      cstackBANK0  00021
Lcd_Write_Char@y                         cstackBANK0  00022
Lcd_Write_String@a                       cstackBANK0  00024
Lcd_Write_String@i                       cstackBANK0  00027
PL253                                    cinit        00769
PL255                                    cinit        00781
PL257                                    cinit        0078B
PL259                                    text19       00FBF
PL261                                    text19       00FCD
PL263                                    text19       00FDA
PL265                                    cinit        0079C
PL267                                    cinit        007A6
PL269                                    text19       00FE2
PL271                                    cinit        007AE
PL273                                    cinit        007B6
PL275                                    text19       00FEB
PL277                                    cinit        007BD
PL279                                    text19       00FF1
PL281                                    text19       00FF7
PL283                                    text19       00FFC
PL285                                    cinit        007C3
PL287                                    text56       017BD
PWM1_LoadDutyValue@dutyValue             cstackBANK0  00020
PWM2_LoadDutyValue@dutyValue             cstackBANK0  00020
PWM6_LoadDutyValue@dutyValue             cstackBANK0  00020
SPI2_Exchange8bit@data                   cstackBANK0  00020
_ADACT                                   (abs)        00099
_ADCAP                                   (abs)        0009B
_ADCC_GetSingleConversion                cinit        005CA
_ADCC_Initialize                         cinit        0068D
_ADCLK                                   (abs)        00098
_ADCON0                                  (abs)        00093
_ADCON0bits                              (abs)        00093
_ADCON1                                  (abs)        00094
_ADCON2                                  (abs)        00095
_ADCON3                                  (abs)        00096
_ADLTHH                                  (abs)        0010F
_ADLTHL                                  (abs)        0010E
_ADPCH                                   (abs)        0009E
_ADREF                                   (abs)        0009A
_ADRESH                                  (abs)        0008D
_ADRESL                                  (abs)        0008C
_ADRPT                                   (abs)        0010D
_ADSTAT                                  (abs)        00097
_ADSTPTH                                 (abs)        00113
_ADSTPTL                                 (abs)        00112
_ADUTHH                                  (abs)        00111
_ADUTHL                                  (abs)        00110
_ANSELA                                  (abs)        00F38
_ANSELB                                  (abs)        00F43
_ANSELC                                  (abs)        00F4E
_CCP1CON                                 (abs)        0030E
_CCP1CONbits                             (abs)        0030E
_CCP2CON                                 (abs)        00312
_CCP2CONbits                             (abs)        00312
_CCPR1H                                  (abs)        0030D
_CCPR1L                                  (abs)        0030C
_CCPR2H                                  (abs)        00311
_CCPR2L                                  (abs)        00310
_CCPTMRS0bits                            (abs)        0021E
_CCPTMRS1bits                            (abs)        0021F
_INTCONbits                              (abs)        0000B
_INTERRUPT_InterruptManager              intentry     00004
_LATA                                    (abs)        00016
_LATB                                    (abs)        00017
_LATBbits                                (abs)        00017
_LATC                                    (abs)        00018
_LATCbits                                (abs)        00018
_LDRR                                    bssBANK1     000BD
_Lcd_Clear                               cinit        00369
_Lcd_Cmd                                 cinit        003A8
_Lcd_Init                                cinit        0036E
_Lcd_Num                                 cinit        001F7
_Lcd_Port                                cinit        003DA
_Lcd_Set_Cursor                          cinit        00352
_Lcd_Write_Char                          cinit        003BB
_Lcd_Write_String                        cinit        00342
_ODCONA                                  (abs)        00F3A
_ODCONB                                  (abs)        00F45
_ODCONC                                  (abs)        00F50
_OSCCON1                                 (abs)        0088D
_OSCCON3                                 (abs)        0088F
_OSCEN                                   (abs)        00891
_OSCFRQ                                  (abs)        00893
_OSCILLATOR_Initialize                   cinit        006A3
_OSCTUNE                                 (abs)        00892
_PIE3bits                                (abs)        00719
_PIN_MANAGER_Initialize                  cinit        006AD
_PIR3bits                                (abs)        0070F
_PIR4bits                                (abs)        00710
_PMD0                                    (abs)        00796
_PMD1                                    (abs)        00797
_PMD2                                    (abs)        00798
_PMD3                                    (abs)        00799
_PMD4                                    (abs)        0079A
_PMD5                                    (abs)        0079B
_PMD_Initialize                          cinit        006E5
_PORTAbits                               (abs)        0000C
_PORTBbits                               (abs)        0000D
_PWM1_Initialize                         cinit        006ED
_PWM1_LoadDutyValue                      cinit        003F1
_PWM2_Initialize                         cinit        006F6
_PWM2_LoadDutyValue                      cinit        005BA
_PWM6CON                                 (abs)        0038E
_PWM6DCH                                 (abs)        0038D
_PWM6DCL                                 (abs)        0038C
_PWM6_Initialize                         cinit        006FF
_PWM6_LoadDutyValue                      cinit        00401
_RA0PPS                                  (abs)        00F10
_RB2PPS                                  (abs)        00F1A
_RB3PPS                                  (abs)        00F1B
_RB4PPS                                  (abs)        00F1C
_RB5PPS                                  (abs)        00F1D
_RC7PPS                                  (abs)        00F27
_SPI2_Exchange8bit                       text1        00A1E
_SPI2_Initialize                         cinit        0070A
_SSP1ADD                                 (abs)        0018D
_SSP1BUF                                 (abs)        0018C
_SSP1CLKPPSbits                          (abs)        00EC5
_SSP1CON1                                (abs)        00190
_SSP1CON1bits                            (abs)        00190
_SSP1CON2                                (abs)        00191
_SSP1CON2bits                            (abs)        00191
_SSP1DATPPSbits                          (abs)        00EC6
_SSP1STAT                                (abs)        0018F
_SSP2ADD                                 (abs)        00197
_SSP2BUF                                 (abs)        00196
_SSP2CLKPPSbits                          (abs)        00EC8
_SSP2CON1                                (abs)        0019A
_SSP2CON1bits                            (abs)        0019A
_SSP2DATPPSbits                          (abs)        00EC9
_SSP2STAT                                (abs)        00199
_SSP2STATbits                            (abs)        00199
_SYSTEM_Initialize                       cinit        005E0
_T1CLK                                   (abs)        00211
_T1CON                                   (abs)        0020E
_T1GATE                                  (abs)        00210
_T1GCON                                  (abs)        0020F
_T6CLKCON                                (abs)        0029C
_T6CON                                   (abs)        0029A
_T6HLT                                   (abs)        0029B
_T6PR                                    (abs)        00299
_T6RST                                   (abs)        0029D
_T6TMR                                   (abs)        00298
_TMR1H                                   (abs)        0020D
_TMR1IF                                  (abs)        03880
_TMR1L                                   (abs)        0020C
_TMR1_Initialize                         cinit        00711
_TMR6_Initialize                         cinit        00728
_TRISA                                   (abs)        00011
_TRISB                                   (abs)        00012
_TRISC                                   (abs)        00013
_WPUA                                    (abs)        00F39
_WPUB                                    (abs)        00F44
_WPUC                                    (abs)        00F4F
_WPUE                                    (abs)        00F65
__CFG_BOREN$ON                           (abs)        00000
__CFG_BORV$LO                            (abs)        00000
__CFG_CLKOUTEN$OFF                       (abs)        00000
__CFG_CP$OFF                             (abs)        00000
__CFG_CPD$OFF                            (abs)        00000
__CFG_CSWEN$ON                           (abs)        00000
__CFG_DEBUG$OFF                          (abs)        00000
__CFG_FCMEN$ON                           (abs)        00000
__CFG_FEXTOSC$OFF                        (abs)        00000
__CFG_LPBOREN$OFF                        (abs)        00000
__CFG_LVP$ON                             (abs)        00000
__CFG_MCLRE$ON                           (abs)        00000
__CFG_PPS1WAY$ON                         (abs)        00000
__CFG_PWRTE$OFF                          (abs)        00000
__CFG_RSTOSC$HFINT1                      (abs)        00000
__CFG_SCANE$available                    (abs)        00000
__CFG_STVREN$ON                          (abs)        00000
__CFG_WDTCCS$SC                          (abs)        00000
__CFG_WDTCPS$WDTCPS_31                   (abs)        00000
__CFG_WDTCWS$WDTCWS_7                    (abs)        00000
__CFG_WDTE$OFF                           (abs)        00000
__CFG_WRT$OFF                            (abs)        00000
__CFG_ZCD$OFF                            (abs)        00000
__Habs1                                  abs1         00000
__Hbank0                                 bank0        00000
__Hbank1                                 bank1        00000
__Hbank10                                bank10       00000
__Hbank11                                bank11       00000
__Hbank12                                bank12       00000
__Hbank13                                bank13       00000
__Hbank14                                bank14       00000
__Hbank15                                bank15       00000
__Hbank16                                bank16       00000
__Hbank17                                bank17       00000
__Hbank18                                bank18       00000
__Hbank19                                bank19       00000
__Hbank2                                 bank2        00000
__Hbank20                                bank20       00000
__Hbank21                                bank21       00000
__Hbank22                                bank22       00000
__Hbank23                                bank23       00000
__Hbank24                                bank24       00000
__Hbank25                                bank25       00000
__Hbank26                                bank26       00000
__Hbank27                                bank27       00000
__Hbank28                                bank28       00000
__Hbank29                                bank29       00000
__Hbank3                                 bank3        00000
__Hbank30                                bank30       00000
__Hbank31                                bank31       00000
__Hbank4                                 bank4        00000
__Hbank5                                 bank5        00000
__Hbank6                                 bank6        00000
__Hbank7                                 bank7        00000
__Hbank8                                 bank8        00000
__Hbank9                                 bank9        00000
__Hbigram                                bigram       00000
__HbssBANK0                              bssBANK0     00000
__HbssBANK1                              bssBANK1     00000
__HbssBANK2                              bssBANK2     00000
__Hcinit                                 cinit        007F8
__Hclrtext                               clrtext      00000
__Hcode                                  code         00000
__Hcommon                                common       00000
__Hconfig                                config       0800C
__HcstackBANK0                           cstackBANK0  00000
__HcstackBANK1                           cstackBANK1  00000
__HcstackCOMMON                          cstackCOMMON 00000
__HdataBANK0                             dataBANK0    00000
__HdataBANK2                             dataBANK2    00000
__Heeprom_data                           eeprom_data  00000
__Hend_init                              end_init     00020
__Hfunctab                               functab      00000
__HidataBANK0                            idataBANK0   00000
__HidataBANK2                            idataBANK2   00000
__Hidloc                                 idloc        00000
__Hinit                                  init         0001E
__Hinittext                              inittext     00000
__Hintentry                              intentry     0001E
__Hmaintext                              maintext     00000
__HnvBANK1                               nvBANK1      00000
__Hpa_nodes0                             pa_nodes0    00000
__Hpowerup                               powerup      00000
__Hram                                   ram          00000
__Hreset_vec                             reset_vec    00002
__Hsfr0                                  sfr0         00000
__Hsfr1                                  sfr1         00000
__Hsfr10                                 sfr10        00000
__Hsfr11                                 sfr11        00000
__Hsfr12                                 sfr12        00000
__Hsfr13                                 sfr13        00000
__Hsfr14                                 sfr14        00000
__Hsfr15                                 sfr15        00000
__Hsfr16                                 sfr16        00000
__Hsfr17                                 sfr17        00000
__Hsfr18                                 sfr18        00000
__Hsfr19                                 sfr19        00000
__Hsfr2                                  sfr2         00000
__Hsfr20                                 sfr20        00000
__Hsfr21                                 sfr21        00000
__Hsfr22                                 sfr22        00000
__Hsfr23                                 sfr23        00000
__Hsfr24                                 sfr24        00000
__Hsfr25                                 sfr25        00000
__Hsfr26                                 sfr26        00000
__Hsfr27                                 sfr27        00000
__Hsfr28                                 sfr28        00000
__Hsfr29                                 sfr29        00000
__Hsfr3                                  sfr3         00000
__Hsfr30                                 sfr30        00000
__Hsfr31                                 sfr31        00000
__Hsfr4                                  sfr4         00000
__Hsfr5                                  sfr5         00000
__Hsfr6                                  sfr6         00000
__Hsfr7                                  sfr7         00000
__Hsfr8                                  sfr8         00000
__Hsfr9                                  sfr9         00000
__Hspace_0                               (abs)        0800C
__Hspace_1                               (abs)        0016D
__Hspace_2                               (abs)        00000
__Hspace_3                               (abs)        00000
__Hstack                                 stack        00000
__Hstrings                               strings      00000
__Hstringtext1                           stringtext1  00000
__Hstringtext10                          stringtext10 00000
__Hstringtext11                          stringtext11 00000
__Hstringtext12                          stringtext12 00000
__Hstringtext13                          stringtext13 00000
__Hstringtext14                          stringtext14 00000
__Hstringtext15                          stringtext15 00000
__Hstringtext16                          stringtext16 00000
__Hstringtext17                          stringtext17 00000
__Hstringtext18                          stringtext18 00000
__Hstringtext19                          stringtext19 00000
__Hstringtext2                           stringtext2  00000
__Hstringtext20                          stringtext20 00000
__Hstringtext21                          stringtext21 00000
__Hstringtext22                          stringtext22 00000
__Hstringtext23                          stringtext23 00000
__Hstringtext24                          stringtext24 00000
__Hstringtext25                          stringtext25 00000
__Hstringtext26                          stringtext26 00000
__Hstringtext27                          stringtext27 00000
__Hstringtext28                          stringtext28 00000
__Hstringtext29                          stringtext29 00000
__Hstringtext3                           stringtext3  00000
__Hstringtext30                          stringtext30 00000
__Hstringtext31                          stringtext31 00000
__Hstringtext32                          stringtext32 00000
__Hstringtext33                          stringtext33 00000
__Hstringtext34                          stringtext34 00000
__Hstringtext35                          stringtext35 00000
__Hstringtext36                          stringtext36 00000
__Hstringtext37                          stringtext37 00000
__Hstringtext38                          stringtext38 00000
__Hstringtext39                          stringtext39 00000
__Hstringtext4                           stringtext4  00000
__Hstringtext40                          stringtext40 00000
__Hstringtext41                          stringtext41 00000
__Hstringtext42                          stringtext42 00000
__Hstringtext43                          stringtext43 00000
__Hstringtext44                          stringtext44 00000
__Hstringtext45                          stringtext45 00000
__Hstringtext46                          stringtext46 00000
__Hstringtext47                          stringtext47 00000
__Hstringtext48                          stringtext48 00000
__Hstringtext49                          stringtext49 00000
__Hstringtext5                           stringtext5  00000
__Hstringtext50                          stringtext50 00000
__Hstringtext51                          stringtext51 00000
__Hstringtext52                          stringtext52 00000
__Hstringtext53                          stringtext53 00000
__Hstringtext54                          stringtext54 00000
__Hstringtext55                          stringtext55 00000
__Hstringtext56                          stringtext56 00000
__Hstringtext57                          stringtext57 00000
__Hstringtext58                          stringtext58 00000
__Hstringtext59                          stringtext59 00000
__Hstringtext6                           stringtext6  00000
__Hstringtext60                          stringtext60 00000
__Hstringtext61                          stringtext61 00000
__Hstringtext62                          stringtext62 00000
__Hstringtext63                          stringtext63 00000
__Hstringtext64                          stringtext64 00000
__Hstringtext65                          stringtext65 00000
__Hstringtext66                          stringtext66 00000
__Hstringtext67                          stringtext67 00000
__Hstringtext68                          stringtext68 00000
__Hstringtext69                          stringtext69 00000
__Hstringtext7                           stringtext7  00000
__Hstringtext70                          stringtext70 00000
__Hstringtext71                          stringtext71 00000
__Hstringtext8                           stringtext8  00000
__Hstringtext9                           stringtext9  00000
__Htext                                  text         00000
__Labs1                                  abs1         00000
__Lbank0                                 bank0        00000
__Lbank1                                 bank1        00000
__Lbank10                                bank10       00000
__Lbank11                                bank11       00000
__Lbank12                                bank12       00000
__Lbank13                                bank13       00000
__Lbank14                                bank14       00000
__Lbank15                                bank15       00000
__Lbank16                                bank16       00000
__Lbank17                                bank17       00000
__Lbank18                                bank18       00000
__Lbank19                                bank19       00000
__Lbank2                                 bank2        00000
__Lbank20                                bank20       00000
__Lbank21                                bank21       00000
__Lbank22                                bank22       00000
__Lbank23                                bank23       00000
__Lbank24                                bank24       00000
__Lbank25                                bank25       00000
__Lbank26                                bank26       00000
__Lbank27                                bank27       00000
__Lbank28                                bank28       00000
__Lbank29                                bank29       00000
__Lbank3                                 bank3        00000
__Lbank30                                bank30       00000
__Lbank31                                bank31       00000
__Lbank4                                 bank4        00000
__Lbank5                                 bank5        00000
__Lbank6                                 bank6        00000
__Lbank7                                 bank7        00000
__Lbank8                                 bank8        00000
__Lbank9                                 bank9        00000
__Lbigram                                bigram       00000
__LbssBANK0                              bssBANK0     00000
__LbssBANK1                              bssBANK1     00000
__LbssBANK2                              bssBANK2     00000
__Lcinit                                 cinit        00020
__Lclrtext                               clrtext      00000
__Lcode                                  code         00000
__Lcommon                                common       00000
__Lconfig                                config       08007
__LcstackBANK0                           cstackBANK0  00000
__LcstackBANK1                           cstackBANK1  00000
__LcstackCOMMON                          cstackCOMMON 00000
__LdataBANK0                             dataBANK0    00000
__LdataBANK2                             dataBANK2    00000
__Leeprom_data                           eeprom_data  00000
__Lend_init                              end_init     0001E
__Lfunctab                               functab      00000
__LidataBANK0                            idataBANK0   00000
__LidataBANK2                            idataBANK2   00000
__Lidloc                                 idloc        00000
__Linit                                  init         0001E
__Linittext                              inittext     00000
__Lintentry                              intentry     00004
__Lmaintext                              maintext     00000
__LnvBANK1                               nvBANK1      00000
__Lpa_nodes0                             pa_nodes0    00000
__Lpowerup                               powerup      00000
__Lram                                   ram          00000
__Lreset_vec                             reset_vec    00000
__Lsfr0                                  sfr0         00000
__Lsfr1                                  sfr1         00000
__Lsfr10                                 sfr10        00000
__Lsfr11                                 sfr11        00000
__Lsfr12                                 sfr12        00000
__Lsfr13                                 sfr13        00000
__Lsfr14                                 sfr14        00000
__Lsfr15                                 sfr15        00000
__Lsfr16                                 sfr16        00000
__Lsfr17                                 sfr17        00000
__Lsfr18                                 sfr18        00000
__Lsfr19                                 sfr19        00000
__Lsfr2                                  sfr2         00000
__Lsfr20                                 sfr20        00000
__Lsfr21                                 sfr21        00000
__Lsfr22                                 sfr22        00000
__Lsfr23                                 sfr23        00000
__Lsfr24                                 sfr24        00000
__Lsfr25                                 sfr25        00000
__Lsfr26                                 sfr26        00000
__Lsfr27                                 sfr27        00000
__Lsfr28                                 sfr28        00000
__Lsfr29                                 sfr29        00000
__Lsfr3                                  sfr3         00000
__Lsfr30                                 sfr30        00000
__Lsfr31                                 sfr31        00000
__Lsfr4                                  sfr4         00000
__Lsfr5                                  sfr5         00000
__Lsfr6                                  sfr6         00000
__Lsfr7                                  sfr7         00000
__Lsfr8                                  sfr8         00000
__Lsfr9                                  sfr9         00000
__Lspace_0                               (abs)        00000
__Lspace_1                               (abs)        00000
__Lspace_2                               (abs)        00000
__Lspace_3                               (abs)        00000
__Lstack                                 stack        00000
__Lstrings                               strings      00000
__Lstringtext1                           stringtext1  00000
__Lstringtext10                          stringtext10 00000
__Lstringtext11                          stringtext11 00000
__Lstringtext12                          stringtext12 00000
__Lstringtext13                          stringtext13 00000
__Lstringtext14                          stringtext14 00000
__Lstringtext15                          stringtext15 00000
__Lstringtext16                          stringtext16 00000
__Lstringtext17                          stringtext17 00000
__Lstringtext18                          stringtext18 00000
__Lstringtext19                          stringtext19 00000
__Lstringtext2                           stringtext2  00000
__Lstringtext20                          stringtext20 00000
__Lstringtext21                          stringtext21 00000
__Lstringtext22                          stringtext22 00000
__Lstringtext23                          stringtext23 00000
__Lstringtext24                          stringtext24 00000
__Lstringtext25                          stringtext25 00000
__Lstringtext26                          stringtext26 00000
__Lstringtext27                          stringtext27 00000
__Lstringtext28                          stringtext28 00000
__Lstringtext29                          stringtext29 00000
__Lstringtext3                           stringtext3  00000
__Lstringtext30                          stringtext30 00000
__Lstringtext31                          stringtext31 00000
__Lstringtext32                          stringtext32 00000
__Lstringtext33                          stringtext33 00000
__Lstringtext34                          stringtext34 00000
__Lstringtext35                          stringtext35 00000
__Lstringtext36                          stringtext36 00000
__Lstringtext37                          stringtext37 00000
__Lstringtext38                          stringtext38 00000
__Lstringtext39                          stringtext39 00000
__Lstringtext4                           stringtext4  00000
__Lstringtext40                          stringtext40 00000
__Lstringtext41                          stringtext41 00000
__Lstringtext42                          stringtext42 00000
__Lstringtext43                          stringtext43 00000
__Lstringtext44                          stringtext44 00000
__Lstringtext45                          stringtext45 00000
__Lstringtext46                          stringtext46 00000
__Lstringtext47                          stringtext47 00000
__Lstringtext48                          stringtext48 00000
__Lstringtext49                          stringtext49 00000
__Lstringtext5                           stringtext5  00000
__Lstringtext50                          stringtext50 00000
__Lstringtext51                          stringtext51 00000
__Lstringtext52                          stringtext52 00000
__Lstringtext53                          stringtext53 00000
__Lstringtext54                          stringtext54 00000
__Lstringtext55                          stringtext55 00000
__Lstringtext56                          stringtext56 00000
__Lstringtext57                          stringtext57 00000
__Lstringtext58                          stringtext58 00000
__Lstringtext59                          stringtext59 00000
__Lstringtext6                           stringtext6  00000
__Lstringtext60                          stringtext60 00000
__Lstringtext61                          stringtext61 00000
__Lstringtext62                          stringtext62 00000
__Lstringtext63                          stringtext63 00000
__Lstringtext64                          stringtext64 00000
__Lstringtext65                          stringtext65 00000
__Lstringtext66                          stringtext66 00000
__Lstringtext67                          stringtext67 00000
__Lstringtext68                          stringtext68 00000
__Lstringtext69                          stringtext69 00000
__Lstringtext7                           stringtext7  00000
__Lstringtext70                          stringtext70 00000
__Lstringtext71                          stringtext71 00000
__Lstringtext8                           stringtext8  00000
__Lstringtext9                           stringtext9  00000
__Ltext                                  text         00000
__S0                                     (abs)        0800C
__S1                                     (abs)        0016D
__S2                                     (abs)        00000
__S3                                     (abs)        00000
___aldiv                                 text19       00E7B
___aldiv@counter                         cstackBANK0  00028
___aldiv@dividend                        cstackBANK0  00024
___aldiv@divisor                         cstackBANK0  00020
___aldiv@quotient                        cstackBANK0  0002A
___aldiv@sign                            cstackBANK0  00029
___almod                                 text19       00EE7
___almod@counter                         cstackBANK0  00028
___almod@dividend                        cstackBANK0  00024
___almod@divisor                         cstackBANK0  00020
___almod@sign                            cstackBANK0  00029
___awmod                                 text19       00F86
___awmod@counter                         cstackBANK0  00024
___awmod@dividend                        cstackBANK0  00022
___awmod@divisor                         cstackBANK0  00020
___awmod@sign                            cstackBANK0  00025
___bmul                                  text1        00AA3
___bmul@multiplicand                     cstackBANK0  00020
___bmul@multiplier                       cstackBANK0  00022
___bmul@product                          cstackBANK0  00021
___int_sp                                stack        00000
___latbits                               (abs)        00002
___lbdiv                                 cinit        007C8
___lbdiv@counter                         cstackBANK0  00022
___lbdiv@dividend                        cstackBANK0  00021
___lbdiv@divisor                         cstackBANK0  00020
___lbdiv@quotient                        cstackBANK0  00023
___lbmod                                 cinit        007E0
___lbmod@counter                         cstackBANK0  00023
___lbmod@dividend                        cstackBANK0  00022
___lbmod@divisor                         cstackBANK0  00020
___lbmod@rem                             cstackBANK0  00024
___lmul                                  cinit        0049A
___lmul@multiplicand                     cstackBANK0  00024
___lmul@multiplier                       cstackBANK0  00020
___lmul@product                          cstackBANK0  00028
___lwdiv                                 cinit        00595
___lwdiv@counter                         cstackBANK0  00030
___lwdiv@dividend                        cstackBANK0  0002C
___lwdiv@divisor                         cstackBANK0  0002A
___lwdiv@quotient                        cstackBANK0  0002E
___lwmod                                 text19       00F66
___lwmod@counter                         cstackBANK0  00024
___lwmod@dividend                        cstackBANK0  00022
___lwmod@divisor                         cstackBANK0  00020
___sp                                    stack        00000
___wmul                                  cinit        00529
___wmul@multiplicand                     cstackBANK0  00026
___wmul@multiplier                       cstackBANK0  00024
___wmul@product                          cstackBANK0  00028
__end_ofPL253                            cinit        00781
__end_ofPL255                            cinit        0078B
__end_ofPL257                            cinit        0079C
__end_ofPL259                            text19       00FCD
__end_ofPL261                            text19       00FDA
__end_ofPL263                            text19       00FE2
__end_ofPL265                            cinit        007A6
__end_ofPL267                            cinit        007AE
__end_ofPL269                            text19       00FEB
__end_ofPL271                            cinit        007B6
__end_ofPL273                            cinit        007BD
__end_ofPL275                            text19       00FF1
__end_ofPL277                            cinit        007C3
__end_ofPL279                            text19       00FF7
__end_ofPL281                            text19       00FFC
__end_ofPL283                            text19       01000
__end_ofPL285                            cinit        007C8
__end_ofPL287                            text56       017C1
__end_of_ADCC_GetSingleConversion        cinit        005E0
__end_of_ADCC_Initialize                 cinit        006A3
__end_of_INTERRUPT_InterruptManager      intentry     0001E
__end_of_Lcd_Clear                       cinit        0036E
__end_of_Lcd_Cmd                         cinit        003BB
__end_of_Lcd_Init                        cinit        003A8
__end_of_Lcd_Num                         cinit        00342
__end_of_Lcd_Port                        cinit        003F1
__end_of_Lcd_Set_Cursor                  cinit        00369
__end_of_Lcd_Write_Char                  cinit        003DA
__end_of_Lcd_Write_String                cinit        00352
__end_of_OSCILLATOR_Initialize           cinit        006AD
__end_of_PIN_MANAGER_Initialize          cinit        006E5
__end_of_PMD_Initialize                  cinit        006ED
__end_of_PWM1_Initialize                 cinit        006F6
__end_of_PWM1_LoadDutyValue              cinit        00401
__end_of_PWM2_Initialize                 cinit        006FF
__end_of_PWM2_LoadDutyValue              cinit        005CA
__end_of_PWM6_Initialize                 cinit        0070A
__end_of_PWM6_LoadDutyValue              cinit        00417
__end_of_SPI2_Exchange8bit               text1        00A29
__end_of_SPI2_Initialize                 cinit        00711
__end_of_SYSTEM_Initialize               cinit        005F5
__end_of_TMR1_Initialize                 cinit        00728
__end_of_TMR6_Initialize                 cinit        00736
__end_of___aldiv                         text19       00EE7
__end_of___almod                         text19       00F41
__end_of___awmod                         text19       00FBF
__end_of___bmul                          text1        00AAF
__end_of___lbdiv                         cinit        007E0
__end_of___lbmod                         cinit        007F8
__end_of___lmul                          cinit        004BF
__end_of___lwdiv                         cinit        005BA
__end_of___lwmod                         text19       00F86
__end_of___wmul                          cinit        0053E
__end_of__initialization                 cinit        00046
__end_of_do_I2C_DO_ACK                   text48       017C8
__end_of_do_I2C_DO_ADDRESS_NACK          text45       00ACB
__end_of_do_I2C_DO_NACK_RESTART          text46       008B0
__end_of_do_I2C_DO_NACK_STOP             text46       00925
__end_of_do_I2C_IDLE                     text56       017BB
__end_of_do_I2C_RCEN                     text49       00886
__end_of_do_I2C_RESET                    text57       017D3
__end_of_do_I2C_RX                       text46       008E4
__end_of_do_I2C_SEND_ADR_READ            text51       017F7
__end_of_do_I2C_SEND_ADR_WRITE           text50       017E3
__end_of_do_I2C_SEND_RESTART             text45       00BEB
__end_of_do_I2C_SEND_RESTART_READ        text45       00BD8
__end_of_do_I2C_SEND_RESTART_WRITE       text45       00B32
__end_of_do_I2C_SEND_STOP                text45       00BE0
__end_of_do_I2C_TX                       text45       00B80
__end_of_do_I2C_TX_EMPTY                 text45       00B0A
__end_of_dylen                           text19       00F66
__end_of_gmtime                          text19       00E7B
__end_of_i2c1_driver_TXData              text61       00000
__end_of_i2c1_driver_clearBusCollision   text147      00000
__end_of_i2c1_driver_getRXData           text62       00000
__end_of_i2c1_driver_isNACK              text38       00990
__end_of_i2c1_driver_open                text69       00D22
__end_of_i2c1_driver_resetBus            text64       00000
__end_of_i2c1_driver_restart             text45       00BDB
__end_of_i2c1_driver_sendACK             text79       00000
__end_of_i2c1_driver_sendNACK            text46       00929
__end_of_i2c1_driver_setBusCollisionISR  text35       00000
__end_of_i2c1_driver_setI2cISR           text34       00000
__end_of_i2c1_driver_start               text80       00000
__end_of_i2c1_driver_startRX             text65       00000
__end_of_i2c1_driver_stop                text45       00BE3
__end_of_i2c_ISR                         text38       00980
__end_of_i2c_busCollisionISR             text146      0087F
__end_of_i2c_close                       text69       00CB8
__end_of_i2c_masterOperation             text38       00963
__end_of_i2c_masterWrite                 cinit        00769
__end_of_i2c_open                        text69       00D18
__end_of_i2c_poller                      text40       00000
__end_of_i2c_read1ByteRegister           text69       00CA6
__end_of_i2c_restartWrite                text72       017A6
__end_of_i2c_setAddressNACKCallback      text69       00D2A
__end_of_i2c_setBuffer                   text69       00CCA
__end_of_i2c_setDataCompleteCallback     cinit        00766
__end_of_i2c_write1ByteRegister          cinit        0075D
__end_of_isleap                          text19       00DBF
__end_of_localtime                       text19       00D9F
__end_of_main                            cinit        001F7
__end_of_memset                          text1        00AA3
__end_of_mktime                          cinit        0049A
__end_of_moninit                         stringtext1  01867
__end_of_months_to_days                  cinit        00529
__end_of_mssp1_IRQisEnabled              text39       00000
__end_of_mssp1_clearIRQ                  text38       00983
__end_of_mssp1_disableIRQ                text82       00000
__end_of_mssp1_setIRQ                    text59       00000
__end_of_mssp1_waitForEvent              text41       00000
__end_of_rd1RegCompleteHandler           text69       00C16
__end_of_rd2RegCompleteHandler           text69       00BFB
__end_of_rdBlkRegCompleteHandler         text69       00C6E
__end_of_returnReset                     text66       017B0
__end_of_returnStop                      text67       017AB
__end_of_rtc6_GetComponent               text1        00A91
__end_of_rtc6_GetTime                    text1        00A79
__end_of_rtc6_Initialize                 cinit        00677
__end_of_rtc6_SetComponent               cinit        00642
__end_of_rtc6_SetTime1                   cinit        00629
__end_of_rtcc_read                       cinit        0068D
__end_of_rtcc_write                      cinit        00687
__end_of_setCallBack                     text69       00D4A
__end_of_temp                            text1        00A1E
__end_of_wr1RegCompleteHandler           text69       00C31
__end_of_wr2RegCompleteHandler           text69       00C4C
__end_of_years_to_days                   cinit        00595
__end_of_ymd_to_scalar                   cinit        00510
__end_ofi1_do_I2C_DO_ACK                 text48       017CC
__end_ofi1_do_I2C_DO_ADDRESS_NACK        text45       00AE7
__end_ofi1_do_I2C_DO_NACK_RESTART        text46       00920
__end_ofi1_do_I2C_DO_NACK_STOP           text46       0091C
__end_ofi1_do_I2C_IDLE                   text56       017BD
__end_ofi1_do_I2C_RCEN                   text49       0088B
__end_ofi1_do_I2C_RESET                  text57       017D8
__end_ofi1_do_I2C_RX                     text46       00918
__end_ofi1_do_I2C_SEND_ADR_READ          text51       01800
__end_ofi1_do_I2C_SEND_ADR_WRITE         text50       017EB
__end_ofi1_do_I2C_SEND_RESTART           text45       00BE6
__end_ofi1_do_I2C_SEND_RESTART_READ      text45       00BCD
__end_ofi1_do_I2C_SEND_RESTART_WRITE     text45       00BD0
__end_ofi1_do_I2C_SEND_STOP              text45       00BD3
__end_ofi1_do_I2C_TX                     text45       00BCA
__end_ofi1_do_I2C_TX_EMPTY               text45       00B2D
__end_ofi1_i2c1_driver_TXData            text127      00000
__end_ofi1_i2c1_driver_getRXData         text128      00000
__end_ofi1_i2c1_driver_isNACK            text126      00000
__end_ofi1_i2c1_driver_resetBus          text130      00000
__end_ofi1_i2c1_driver_restart           text144      00000
__end_ofi1_i2c1_driver_sendACK           text145      00000
__end_ofi1_i2c1_driver_sendNACK          text129      00000
__end_ofi1_i2c1_driver_startRX           text131      00000
__end_ofi1_i2c1_driver_stop              text143      00000
__end_ofi1_i2c_ISR                       text38       009B3
__end_ofi1_i2c_restartWrite              text72       017A7
__end_ofi1_i2c_setBuffer                 text69       00D68
__end_ofi1_i2c_setDataCompleteCallback   text69       00D71
__end_ofi1_mssp1_clearIRQ                text108      00000
__end_ofi1_mssp1_setIRQ                  text125      00000
__end_ofi1_rd1RegCompleteHandler         text69       00C21
__end_ofi1_rd2RegCompleteHandler         text69       00C06
__end_ofi1_rdBlkRegCompleteHandler       text69       00D5C
__end_ofi1_returnReset                   text66       017B1
__end_ofi1_returnStop                    text67       017AC
__end_ofi1_setCallBack                   text69       00D91
__end_ofi1_wr1RegCompleteHandler         text69       00C3C
__end_ofi1_wr2RegCompleteHandler         text69       00C57
__initialization                         cinit        00020
__pbssBANK0                              bssBANK0     00067
__pbssBANK1                              bssBANK1     000A0
__pbssBANK2                              bssBANK2     00120
__pcstackBANK0                           cstackBANK0  00020
__pcstackBANK1                           cstackBANK1  000DB
__pcstackCOMMON                          cstackCOMMON 00070
__pdataBANK0                             dataBANK0    0006F
__pdataBANK2                             dataBANK2    0014D
__pidataBANK0                            idataBANK0   00000
__pidataBANK2                            idataBANK2   0088B
__pintentry                              intentry     00004
__pmaintext                              cinit        00049
__pnvBANK1                               nvBANK1      000ED
__pstringtext1                           stringtext1  0185B
__pstringtext10                          stringtext10 01867
[...]
		 -> i2c_write1ByteRegister@reg(1), i2c_write1ByteRegister@data(1), NULL(0), 
 Return value:  Size  Location     Type
                  1    wreg      void 
 Registers used:
		wreg
 Tracked objects:
		On entry : 
		On exit  : 
		Unchanged: 
 Data sizes:     COMMON   BANK0   BANK1   BANK2   BANK3   BANK4   BANK5   BANK6   BANK7   BANK8   BANK9  BANK10  BANK11  BANK12
      Params:         2       0       0       0       0       0       0       0       0       0       0       0       0       0
      Locals:         1       0       0       0       0       0       0       0       0       0       0       0       0       0
      Temps:          0       0       0       0       0       0       0       0       0       0       0       0       0       0
      Totals:         3       0       0       0       0       0       0       0       0       0       0       0       0       0
Total ram usage:        3 bytes
 Hardware stack levels used:    1
 This function calls:
		Nothing
 This function is called by:
		i1_wr1RegCompleteHandler
		i1_rd1RegCompleteHandler
		i1_rd2RegCompleteHandler
		i1_wr2RegCompleteHandler
		i1_rdBlkRegCompleteHandler
 This function uses a non-reentrant model


 *************** function i1_i2c1_driver_stop *****************
 Defined at:
		line 156 in file "mcc_generated_files/i2c1_driver.c"
 Parameters:    Size  Location     Type
		None
 Auto vars:     Size  Location     Type
		None
 Return value:  Size  Location     Type
                  1    wreg      void 
 Registers used:
		None
 Tracked objects:
		On entry : 
		On exit  : 
		Unchanged: 
 Data sizes:     COMMON   BANK0   BANK1   BANK2   BANK3   BANK4   BANK5   BANK6   BANK7   BANK8   BANK9  BANK10  BANK11  BANK12
      Params:         0       0       0       0       0       0       0       0       0       0       0       0       0       0
      Locals:         0       0       0       0       0       0       0       0       0       0       0       0       0       0
      Temps:          0       0       0       0       0       0       0       0       0       0       0       0       0       0
      Totals:         0       0       0       0       0       0       0       0       0       0       0       0       0       0
Total ram usage:        0 bytes
 Hardware stack levels used:    1
 This function calls:
		Nothing
 This function is called by:
		i1_do_I2C_SEND_STOP
 This function uses a non-reentrant model


 *************** function i1_i2c1_driver_restart *****************
 Defined at:
		line 151 in file "mcc_generated_files/i2c1_driver.c"
 Parameters:    Size  Location     Type
		None
 Auto vars:     Size  Location     Type
		None
 Return value:  Size  Location     Type
                  1    wreg      void 
 Registers used:
		None
 Tracked objects:
		On entry : 
		On exit  : 
		Unchanged: 
 Data sizes:     COMMON   BANK0   BANK1   BANK2   BANK3   BANK4   BANK5   BANK6   BANK7   BANK8   BANK9  BANK10  BANK11  BANK12
      Params:         0       0       0       0       0       0       0       0       0       0       0       0       0       0
      Locals:         0       0       0       0       0       0       0       0       0       0       0       0       0       0
      Temps:          0       0       0       0       0       0       0       0       0       0       0       0       0       0
      Totals:         0       0       0       0       0       0       0       0       0       0       0       0       0       0
Total ram usage:        0 bytes
 Hardware stack levels used:    1
 This function calls:
		Nothing
 This function is called by:
		i1_do_I2C_SEND_RESTART_READ
		i1_do_I2C_SEND_RESTART_WRITE
		i1_do_I2C_SEND_RESTART
 This function uses a non-reentrant model


 *************** function i1_i2c1_driver_sendACK *****************
 Defined at:
		line 196 in file "mcc_generated_files/i2c1_driver.c"
 Parameters:    Size  Location     Type
		None
 Auto vars:     Size  Location     Type
		None
 Return value:  Size  Location     Type
                  1    wreg      void 
 Registers used:
		None
 Tracked objects:
		On entry : 
		On exit  : 
		Unchanged: 
 Data sizes:     COMMON   BANK0   BANK1   BANK2   BANK3   BANK4   BANK5   BANK6   BANK7   BANK8   BANK9  BANK10  BANK11  BANK12
      Params:         0       0       0       0       0       0       0       0       0       0       0       0       0       0
      Locals:         0       0       0       0       0       0       0       0       0       0       0       0       0       0
      Temps:          0       0       0       0       0       0       0       0       0       0       0       0       0       0
      Totals:         0       0       0       0       0       0       0       0       0       0       0       0       0       0
Total ram usage:        0 bytes
 Hardware stack levels used:    1
 This function calls:
		Nothing
 This function is called by:
		i1_do_I2C_DO_ACK
		i1_do_I2C_RX
 This function uses a non-reentrant model


 *************** function _i2c_busCollisionISR *****************
 Defined at:
		line 435 in file "mcc_generated_files/drivers/i2c_master.c"
 Parameters:    Size  Location     Type
		None
 Auto vars:     Size  Location     Type
		None
 Return value:  Size  Location     Type
                  1    wreg      void 
 Registers used:
		status,2, status,0, pclath, cstack
 Tracked objects:
		On entry : 
		On exit  : 
		Unchanged: 
 Data sizes:     COMMON   BANK0   BANK1   BANK2   BANK3   BANK4   BANK5   BANK6   BANK7   BANK8   BANK9  BANK10  BANK11  BANK12
      Params:         0       0       0       0       0       0       0       0       0       0       0       0       0       0
      Locals:         0       0       0       0       0       0       0       0       0       0       0       0       0       0
      Temps:          0       0       0       0       0       0       0       0       0       0       0       0       0       0
      Totals:         0       0       0       0       0       0       0       0       0       0       0       0       0       0
Total ram usage:        0 bytes
 Hardware stack levels used:    1
 Hardware stack levels required when called:    1
 This function calls:
		_i2c1_driver_clearBusCollision
 This function is called by:
		_i2c_open
		_INTERRUPT_InterruptManager
 This function uses a non-reentrant model


 *************** function _i2c1_driver_clearBusCollision *****************
 Defined at:
		line 253 in file "mcc_generated_files/i2c1_driver.c"
 Parameters:    Size  Location     Type
		None
 Auto vars:     Size  Location     Type
		None
 Return value:  Size  Location     Type
                  1    wreg      void 
 Registers used:
		None
 Tracked objects:
		On entry : 
		On exit  : 
		Unchanged: 
 Data sizes:     COMMON   BANK0   BANK1   BANK2   BANK3   BANK4   BANK5   BANK6   BANK7   BANK8   BANK9  BANK10  BANK11  BANK12
      Params:         0       0       0       0       0       0       0       0       0       0       0       0       0       0
      Locals:         0       0       0       0       0       0       0       0       0       0       0       0       0       0
      Temps:          0       0       0       0       0       0       0       0       0       0       0       0       0       0
      Totals:         0       0       0       0       0       0       0       0       0       0       0       0       0       0
Total ram usage:        0 bytes
 Hardware stack levels used:    1
 This function calls:
		Nothing
 This function is called by:
		_i2c_busCollisionISR
 This function uses a non-reentrant model



MODULE INFORMATION

Module		Function		Class		Link	Load	Size
mcc_generated_files/tmr6.c
		_TMR6_Initialize		CODE           	0728	0000	15

mcc_generated_files/tmr6.c estimated size: 15

mcc_generated_files/pwm6.c
		_PWM6_LoadDutyValue		CODE           	0401	0000	23
		_PWM6_Initialize		CODE           	06FF	0000	12

mcc_generated_files/pwm6.c estimated size: 35

C:\Program Files (x86)\Microchip\xc8\v1.45\sources\common\lbdiv.c
		___lbdiv       		CODE           	07C8	0000	25

C:\Program Files (x86)\Microchip\xc8\v1.45\sources\common\lbdiv.c estimated size: 25

lcd2.h
		_Lcd_Write_String		CODE           	0342	0000	17
		_Lcd_Init      		CODE           	036E	0000	59
		_Lcd_Num       		CODE           	01F7	0000	332
		_Lcd_Write_Char		CODE           	03BB	0000	32
		_Lcd_Cmd       		CODE           	03A8	0000	20
		_Lcd_Set_Cursor		CODE           	0352	0000	24
		_Lcd_Clear     		CODE           	0369	0000	6
		_Lcd_Port      		CODE           	03DA	0000	24

lcd2.h estimated size: 514

mcc_generated_files/interrupt_manager.c
		_INTERRUPT_InterruptManager		CODE           	0004	0000	27

mcc_generated_files/interrupt_manager.c estimated size: 27

C:\Program Files (x86)\Microchip\xc8\v1.45\sources\common\Umul16.c
		___wmul        		CODE           	0529	0000	22

C:\Program Files (x86)\Microchip\xc8\v1.45\sources\common\Umul16.c estimated size: 22

mcc_generated_files/pwm2.c
		_PWM2_Initialize		CODE           	06F6	0000	10
		_PWM2_LoadDutyValue		CODE           	05BA	0000	17

mcc_generated_files/pwm2.c estimated size: 27

mcc_generated_files/pin_manager.c
		_PIN_MANAGER_Initialize		CODE           	06AD	0000	57

mcc_generated_files/pin_manager.c estimated size: 57

C:\Program Files (x86)\Microchip\xc8\v1.45\sources\common\lwmod.c
		___lwmod       		CODE           	0F66	0000	33

C:\Program Files (x86)\Microchip\xc8\v1.45\sources\common\lwmod.c estimated size: 33

C:\Program Files (x86)\Microchip\xc8\v1.45\sources\common\awmod.c
		___awmod       		CODE           	0F86	0000	58

C:\Program Files (x86)\Microchip\xc8\v1.45\sources\common\awmod.c estimated size: 58

C:\Program Files (x86)\Microchip\xc8\v1.45\sources\common\almod.c
		___almod       		CODE           	0EE7	0000	91

C:\Program Files (x86)\Microchip\xc8\v1.45\sources\common\almod.c estimated size: 91

mcc_generated_files/drivers/i2c_simple_master.c
		_wr1RegCompleteHandler		CODE           	0C21	0000	17
		_wr2RegCompleteHandler		CODE           	0C3C	0000	17
		_i2c_write1ByteRegister		CODE           	0736	0000	40
		_rdBlkRegCompleteHandler		CODE           	0C57	0000	24
		_i2c_read1ByteRegister		CODE           	0C6E	0000	57
		_rd1RegCompleteHandler		CODE           	0C06	0000	17
		_rd2RegCompleteHandler		CODE           	0BEB	0000	17

mcc_generated_files/drivers/i2c_simple_master.c estimated size: 189

C:\Program Files (x86)\Microchip\xc8\v1.45\sources\common\Umul32.c
		___lmul        		CODE           	049A	0000	38

C:\Program Files (x86)\Microchip\xc8\v1.45\sources\common\Umul32.c estimated size: 38

mcc_generated_files/RTC6.c
		_rtc6_GetTime  		CODE           	0A29	0000	81
		_rtc6_SetTime1 		CODE           	05F5	0000	53
		_rtcc_write    		CODE           	0677	0000	17
		_rtc6_GetComponent		CODE           	0A79	0000	25
		_rtc6_Initialize		CODE           	0642	0000	54
		_rtc6_SetComponent		CODE           	0629	0000	26
		_rtcc_read     		CODE           	0687	0000	7

mcc_generated_files/RTC6.c estimated size: 263

shared
		PL287          		CODE           	17BD	0000	5
		i1_returnReset 		CODE           	17B0	0000	2
		PL259          		CODE           	0FBF	0000	15
		PL269          		CODE           	0FE2	0000	10
		i1_do_I2C_SEND_ADR_READ		CODE           	17F7	0000	10
		i1_do_I2C_DO_NACK_STOP		CODE           	0918	0000	5
		PL279          		CODE           	0FF1	0000	7
		i1_mssp1_clearIRQ		CODE           	0000	0000	1
		i1_setCallBack 		CODE           	0D71	0000	33
		i1_do_I2C_SEND_RESTART		CODE           	0BE3	0000	4
		i1_i2c_restartWrite		CODE           	17A6	0000	2
		i1_do_I2C_TX_EMPTY		CODE           	0B0A	0000	36
		_moninit       		STRCODE        	185B	0000	13
		i1_do_I2C_DO_NACK_RESTART		CODE           	091C	0000	5
		i1_do_I2C_SEND_RESTART_READ		CODE           	0BCA	0000	4
		i1_do_I2C_DO_ADDRESS_NACK		CODE           	0ACB	0000	29
		i1_rd1RegCompleteHandler		CODE           	0C16	0000	12
		i1_do_I2C_RX   		CODE           	08E4	0000	53
		i1_do_I2C_TX   		CODE           	0B80	0000	75
		PL261          		CODE           	0FCD	0000	14
		i1_i2c_ISR     		CODE           	0990	0000	36
		PL271          		CODE           	07AE	0000	9
		i1_i2c1_driver_sendNACK		CODE           	0000	0000	1
		i1_do_I2C_IDLE 		CODE           	17BB	0000	3
		i1_do_I2C_RCEN 		CODE           	0886	0000	6
		i1_i2c1_driver_isNACK		CODE           	0000	0000	1
		__initialization		CODE           	0020	0000	39
		PL281          		CODE           	0FF7	0000	6
		i1_mssp1_setIRQ		CODE           	0000	0000	1
		i1_i2c1_driver_restart		CODE           	0000	0000	1
		PL253          		CODE           	0769	0000	25
		i1_i2c1_driver_stop		CODE           	0000	0000	1
		i1_rd2RegCompleteHandler		CODE           	0BFB	0000	12
		i1_i2c_setDataCompleteCallback		CODE           	0D68	0000	10
		PL263          		CODE           	0FDA	0000	9
		i1_do_I2C_RESET		CODE           	17D3	0000	6
		i1_i2c1_driver_startRX		CODE           	0000	0000	1
		i1_i2c1_driver_resetBus		CODE           	0000	0000	1
		PL273          		CODE           	07B6	0000	8
		i1_i2c1_driver_sendACK		CODE           	0000	0000	1
		PL283          		CODE           	0FFC	0000	5
		PL255          		CODE           	0781	0000	11
		i1_do_I2C_SEND_RESTART_WRITE		CODE           	0BCD	0000	4
		PL265          		CODE           	079C	0000	11
		i1_do_I2C_DO_ACK		CODE           	17C8	0000	5
		i1_do_I2C_SEND_ADR_WRITE		CODE           	17E3	0000	9
		PL275          		CODE           	0FEB	0000	7
		i1_i2c1_driver_getRXData		CODE           	0000	0000	1
		i1_wr1RegCompleteHandler		CODE           	0C31	0000	12
		PL285          		CODE           	07C3	0000	6
		i1_do_I2C_SEND_STOP		CODE           	0BD0	0000	4
		i1_i2c1_driver_TXData		CODE           	0000	0000	1
		PL257          		CODE           	078B	0000	18
		i1_i2c_setBuffer		CODE           	0D5C	0000	13
		i1_rdBlkRegCompleteHandler		CODE           	0D4A	0000	19
		PL267          		CODE           	07A6	0000	9
		PL277          		CODE           	07BD	0000	7
		i1_wr2RegCompleteHandler		CODE           	0C4C	0000	12
		i1_returnStop  		CODE           	17AB	0000	2

shared estimated size: 668

C:\Program Files (x86)\Microchip\xc8\v1.45\sources\common\ctime.c
		_gmtime        		CODE           	0DBF	0000	189
		_localtime     		CODE           	0D91	0000	15
		_dylen         		CODE           	0F41	0000	38

C:\Program Files (x86)\Microchip\xc8\v1.45\sources\common\ctime.c estimated size: 242

mcc_generated_files/mcc.c
		_PMD_Initialize		CODE           	06E5	0000	9
		_OSCILLATOR_Initialize		CODE           	06A3	0000	11
		_SYSTEM_Initialize		CODE           	05E0	0000	22

mcc_generated_files/mcc.c estimated size: 42

C:\Program Files (x86)\Microchip\xc8\v1.45\sources\common\mktime.c
		_mktime        		CODE           	0417	0000	132
		_isleap        		CODE           	0D9F	0000	33
		_months_to_days		CODE           	0510	0000	26
		_ymd_to_scalar 		CODE           	04BF	0000	82
		_years_to_days 		CODE           	053E	0000	88

C:\Program Files (x86)\Microchip\xc8\v1.45\sources\common\mktime.c estimated size: 361

mcc_generated_files/drivers/i2c_master.c
		_i2c_setDataCompleteCallback		CODE           	075D	0000	10
		_returnStop    		CODE           	17A7	0000	5
		_i2c_setBuffer 		CODE           	0CB8	0000	19
		_i2c_busCollisionISR		CODE           	087C	0000	4
		_i2c_ISR       		CODE           	0963	0000	30
		_i2c_close     		CODE           	0CA6	0000	19
		_i2c_masterOperation		CODE           	0929	0000	59
		_do_I2C_TX_EMPTY		CODE           	0AE7	0000	36
		_setCallBack   		CODE           	0D2A	0000	33
		_returnReset   		CODE           	17AC	0000	5
		_do_I2C_SEND_RESTART_WRITE		CODE           	0B2D	0000	6
		_i2c_poller    		CODE           	0000	0000	1
		_i2c_masterWrite		CODE           	0766	0000	4
		_do_I2C_DO_NACK_RESTART		CODE           	08AB	0000	6
		_do_I2C_SEND_RESTART_READ		CODE           	0BD3	0000	6
		_i2c_setAddressNACKCallback		CODE           	0D22	0000	9
		_do_I2C_SEND_ADR_WRITE		CODE           	17D8	0000	12
		_do_I2C_SEND_STOP		CODE           	0BDB	0000	6
		_i2c_open      		CODE           	0CCA	0000	79
		_do_I2C_SEND_ADR_READ		CODE           	17EB	0000	13
		_do_I2C_DO_NACK_STOP		CODE           	0920	0000	6
		_do_I2C_SEND_RESTART		CODE           	0BE6	0000	6
		_do_I2C_RX     		CODE           	08B0	0000	53
		_do_I2C_TX     		CODE           	0B32	0000	79
		_do_I2C_IDLE   		CODE           	17B7	0000	5
		_do_I2C_RCEN   		CODE           	087F	0000	8
		_do_I2C_DO_ADDRESS_NACK		CODE           	0AAF	0000	29
		_do_I2C_RESET  		CODE           	17CC	0000	8
		_do_I2C_DO_ACK 		CODE           	17C1	0000	8

mcc_generated_files/drivers/i2c_master.c estimated size: 564

mcc_generated_files/tmr1.c
		_TMR1_Initialize		CODE           	0711	0000	24

mcc_generated_files/tmr1.c estimated size: 24

C:\Program Files (x86)\Microchip\xc8\v1.45\sources\common\lwdiv.c
		___lwdiv       		CODE           	0595	0000	38

C:\Program Files (x86)\Microchip\xc8\v1.45\sources\common\lwdiv.c estimated size: 38

mcc_generated_files/pwm1.c
		_PWM1_Initialize		CODE           	06ED	0000	10
		_PWM1_LoadDutyValue		CODE           	03F1	0000	17

mcc_generated_files/pwm1.c estimated size: 27

mcc_generated_files/drivers/i2c_types.c
		_i2c_restartWrite		CODE           	17A2	0000	5

mcc_generated_files/drivers/i2c_types.c estimated size: 5

C:\Program Files (x86)\Microchip\xc8\v1.45\sources\common\lbmod.c
		___lbmod       		CODE           	07E0	0000	25

C:\Program Files (x86)\Microchip\xc8\v1.45\sources\common\lbmod.c estimated size: 25

mcc_generated_files/i2c1_driver.c
		_mssp1_waitForEvent		CODE           	0000	0000	1
		_i2c1_driver_open		CODE           	0D18	0000	11
		_mssp1_disableIRQ		CODE           	0000	0000	1
		_i2c1_driver_isNACK		CODE           	0983	0000	14
		_i2c1_driver_stop		CODE           	0BE0	0000	4
		_i2c1_driver_getRXData		CODE           	0000	0000	1
		_i2c1_driver_TXData		CODE           	0000	0000	1
		_i2c1_driver_setBusCollisionISR		CODE           	0000	0000	1
		_i2c1_driver_start		CODE           	0000	0000	1
		_i2c1_driver_sendACK		CODE           	0000	0000	1
		_mssp1_setIRQ  		CODE           	0000	0000	1
		_i2c1_driver_sendNACK		CODE           	0925	0000	5
		_i2c1_driver_restart		CODE           	0BD8	0000	4
		_i2c1_driver_resetBus		CODE           	0000	0000	1
		_i2c1_driver_clearBusCollision		CODE           	0000	0000	1
		_mssp1_clearIRQ		CODE           	0980	0000	4
		_i2c1_driver_startRX		CODE           	0000	0000	1
		_i2c1_driver_setI2cISR		CODE           	0000	0000	1
		_mssp1_IRQisEnabled		CODE           	0000	0000	1

mcc_generated_files/i2c1_driver.c estimated size: 55

C:\Program Files (x86)\Microchip\xc8\v1.45\sources\common\aldiv.c
		___aldiv       		CODE           	0E7B	0000	109

C:\Program Files (x86)\Microchip\xc8\v1.45\sources\common\aldiv.c estimated size: 109

mcc_generated_files/spi2.c
		_SPI2_Exchange8bit		CODE           	0A1E	0000	12
		_SPI2_Initialize		CODE           	070A	0000	8

mcc_generated_files/spi2.c estimated size: 20

mcc_generated_files/adcc.c
		_ADCC_GetSingleConversion		CODE           	05CA	0000	23
		_ADCC_Initialize		CODE           	068D	0000	23

mcc_generated_files/adcc.c estimated size: 46

C:\Program Files (x86)\Microchip\xc8\v1.45\sources\common\Umul8.c
		___bmul        		CODE           	0AA3	0000	13

C:\Program Files (x86)\Microchip\xc8\v1.45\sources\common\Umul8.c estimated size: 13

main.c
		_main          		CODE           	0049	0000	431
		_temp          		CODE           	09B3	0000	108

main.c estimated size: 539

C:\Program Files (x86)\Microchip\xc8\v1.45\sources\common\memset.c
		_memset        		CODE           	0A91	0000	19

C:\Program Files (x86)\Microchip\xc8\v1.45\sources\common\memset.c estimated size: 19

